Component: Arm Compiler for Embedded 6.24 Tool: armlink [5f371500]

==============================================================================

Section Cross References

    startup_stm32f103xb.o(STACK) refers (Special) to heapauxi.o(.text) for __use_two_region_memory
    startup_stm32f103xb.o(HEAP) refers (Special) to heapauxi.o(.text) for __use_two_region_memory
    startup_stm32f103xb.o(RESET) refers (Special) to heapauxi.o(.text) for __use_two_region_memory
    startup_stm32f103xb.o(RESET) refers to startup_stm32f103xb.o(STACK) for __initial_sp
    startup_stm32f103xb.o(RESET) refers to startup_stm32f103xb.o(.text) for Reset_Handler
    startup_stm32f103xb.o(RESET) refers to stm32f1xx_it.o(.text.NMI_Handler) for NMI_Handler
    startup_stm32f103xb.o(RESET) refers to stm32f1xx_it.o(.text.HardFault_Handler) for HardFault_Handler
    startup_stm32f103xb.o(RESET) refers to stm32f1xx_it.o(.text.MemManage_Handler) for MemManage_Handler
    startup_stm32f103xb.o(RESET) refers to stm32f1xx_it.o(.text.BusFault_Handler) for BusFault_Handler
    startup_stm32f103xb.o(RESET) refers to stm32f1xx_it.o(.text.UsageFault_Handler) for UsageFault_Handler
    startup_stm32f103xb.o(RESET) refers to stm32f1xx_it.o(.text.SVC_Handler) for SVC_Handler
    startup_stm32f103xb.o(RESET) refers to stm32f1xx_it.o(.text.DebugMon_Handler) for DebugMon_Handler
    startup_stm32f103xb.o(RESET) refers to stm32f1xx_it.o(.text.PendSV_Handler) for PendSV_Handler
    startup_stm32f103xb.o(RESET) refers to stm32f1xx_it.o(.text.SysTick_Handler) for SysTick_Handler
    startup_stm32f103xb.o(.text) refers (Special) to heapauxi.o(.text) for __use_two_region_memory
    startup_stm32f103xb.o(.text) refers to system_stm32f1xx.o(.text.SystemInit) for SystemInit
    startup_stm32f103xb.o(.text) refers to __main.o(!!!main) for __main
    startup_stm32f103xb.o(.text) refers to startup_stm32f103xb.o(HEAP) for Heap_Mem
    startup_stm32f103xb.o(.text) refers to startup_stm32f103xb.o(STACK) for Stack_Mem
    fonts.o(.data.Font_7x10) refers to fonts.o(.rodata.Font7x10) for [Anonymous Symbol]
    fonts.o(.data.Font_11x18) refers to fonts.o(.rodata.Font11x18) for [Anonymous Symbol]
    fonts.o(.data.Font_16x26) refers to fonts.o(.rodata.Font16x26) for [Anonymous Symbol]
    rc522.o(.text.RC522_SPI_Transfer) refers to main.o(.bss.hspi2) for hspi2
    rc522.o(.text.RC522_SPI_Transfer) refers to stm32f1xx_hal_spi.o(.text.HAL_SPI_TransmitReceive) for HAL_SPI_TransmitReceive
    rc522.o(.ARM.exidx.text.RC522_SPI_Transfer) refers to rc522.o(.text.RC522_SPI_Transfer) for [Anonymous Symbol]
    rc522.o(.text.Write_MFRC522) refers to stm32f1xx_hal_gpio.o(.text.HAL_GPIO_WritePin) for HAL_GPIO_WritePin
    rc522.o(.text.Write_MFRC522) refers to main.o(.bss.hspi2) for hspi2
    rc522.o(.text.Write_MFRC522) refers to stm32f1xx_hal_spi.o(.text.HAL_SPI_TransmitReceive) for HAL_SPI_TransmitReceive
    rc522.o(.ARM.exidx.text.Write_MFRC522) refers to rc522.o(.text.Write_MFRC522) for [Anonymous Symbol]
    rc522.o(.text.Read_MFRC522) refers to stm32f1xx_hal_gpio.o(.text.HAL_GPIO_WritePin) for HAL_GPIO_WritePin
    rc522.o(.text.Read_MFRC522) refers to main.o(.bss.hspi2) for hspi2
    rc522.o(.text.Read_MFRC522) refers to stm32f1xx_hal_spi.o(.text.HAL_SPI_TransmitReceive) for HAL_SPI_TransmitReceive
    rc522.o(.ARM.exidx.text.Read_MFRC522) refers to rc522.o(.text.Read_MFRC522) for [Anonymous Symbol]
    rc522.o(.text.SetBitMask) refers to stm32f1xx_hal_gpio.o(.text.HAL_GPIO_WritePin) for HAL_GPIO_WritePin
    rc522.o(.text.SetBitMask) refers to main.o(.bss.hspi2) for hspi2
    rc522.o(.text.SetBitMask) refers to stm32f1xx_hal_spi.o(.text.HAL_SPI_TransmitReceive) for HAL_SPI_TransmitReceive
    rc522.o(.ARM.exidx.text.SetBitMask) refers to rc522.o(.text.SetBitMask) for [Anonymous Symbol]
    rc522.o(.text.ClearBitMask) refers to stm32f1xx_hal_gpio.o(.text.HAL_GPIO_WritePin) for HAL_GPIO_WritePin
    rc522.o(.text.ClearBitMask) refers to main.o(.bss.hspi2) for hspi2
    rc522.o(.text.ClearBitMask) refers to stm32f1xx_hal_spi.o(.text.HAL_SPI_TransmitReceive) for HAL_SPI_TransmitReceive
    rc522.o(.ARM.exidx.text.ClearBitMask) refers to rc522.o(.text.ClearBitMask) for [Anonymous Symbol]
    rc522.o(.text.AntennaOn) refers to stm32f1xx_hal_gpio.o(.text.HAL_GPIO_WritePin) for HAL_GPIO_WritePin
    rc522.o(.text.AntennaOn) refers to main.o(.bss.hspi2) for hspi2
    rc522.o(.text.AntennaOn) refers to stm32f1xx_hal_spi.o(.text.HAL_SPI_TransmitReceive) for HAL_SPI_TransmitReceive
    rc522.o(.text.AntennaOn) refers to rc522.o(.text.SetBitMask) for SetBitMask
    rc522.o(.ARM.exidx.text.AntennaOn) refers to rc522.o(.text.AntennaOn) for [Anonymous Symbol]
    rc522.o(.text.AntennaOff) refers to rc522.o(.text.ClearBitMask) for ClearBitMask
    rc522.o(.ARM.exidx.text.AntennaOff) refers to rc522.o(.text.AntennaOff) for [Anonymous Symbol]
[...]
    Removing stm32f1xx_hal_spi.o(.ARM.exidx.text.HAL_SPI_MspDeInit), (8 bytes).
    Removing stm32f1xx_hal_spi.o(.ARM.exidx.text.HAL_SPI_Transmit), (8 bytes).
    Removing stm32f1xx_hal_spi.o(.text.HAL_SPI_Receive), (512 bytes).
    Removing stm32f1xx_hal_spi.o(.ARM.exidx.text.HAL_SPI_Receive), (8 bytes).
    Removing stm32f1xx_hal_spi.o(.ARM.exidx.text.HAL_SPI_TransmitReceive), (8 bytes).
    Removing stm32f1xx_hal_spi.o(.text.HAL_SPI_Transmit_IT), (148 bytes).
    Removing stm32f1xx_hal_spi.o(.ARM.exidx.text.HAL_SPI_Transmit_IT), (8 bytes).
    Removing stm32f1xx_hal_spi.o(.text.SPI_TxISR_16BIT), (30 bytes).
    Removing stm32f1xx_hal_spi.o(.ARM.exidx.text.SPI_TxISR_16BIT), (8 bytes).
    Removing stm32f1xx_hal_spi.o(.text.SPI_TxISR_8BIT), (32 bytes).
    Removing stm32f1xx_hal_spi.o(.ARM.exidx.text.SPI_TxISR_8BIT), (8 bytes).
    Removing stm32f1xx_hal_spi.o(.text.HAL_SPI_Receive_IT), (324 bytes).
    Removing stm32f1xx_hal_spi.o(.ARM.exidx.text.HAL_SPI_Receive_IT), (8 bytes).
    Removing stm32f1xx_hal_spi.o(.text.HAL_SPI_TransmitReceive_IT), (206 bytes).
    Removing stm32f1xx_hal_spi.o(.ARM.exidx.text.HAL_SPI_TransmitReceive_IT), (8 bytes).
    Removing stm32f1xx_hal_spi.o(.text.SPI_RxISR_16BIT), (30 bytes).
    Removing stm32f1xx_hal_spi.o(.ARM.exidx.text.SPI_RxISR_16BIT), (8 bytes).
    Removing stm32f1xx_hal_spi.o(.text.SPI_RxISR_8BIT), (32 bytes).
    Removing stm32f1xx_hal_spi.o(.ARM.exidx.text.SPI_RxISR_8BIT), (8 bytes).
    Removing stm32f1xx_hal_spi.o(.text.SPI_2linesRxISR_16BIT), (46 bytes).
    Removing stm32f1xx_hal_spi.o(.ARM.exidx.text.SPI_2linesRxISR_16BIT), (8 bytes).
    Removing stm32f1xx_hal_spi.o(.text.SPI_2linesTxISR_16BIT), (46 bytes).
    Removing stm32f1xx_hal_spi.o(.ARM.exidx.text.SPI_2linesTxISR_16BIT), (8 bytes).
    Removing stm32f1xx_hal_spi.o(.text.SPI_2linesRxISR_8BIT), (50 bytes).
    Removing stm32f1xx_hal_spi.o(.ARM.exidx.text.SPI_2linesRxISR_8BIT), (8 bytes).
    Removing stm32f1xx_hal_spi.o(.text.SPI_2linesTxISR_8BIT), (50 bytes).
    Removing stm32f1xx_hal_spi.o(.ARM.exidx.text.SPI_2linesTxISR_8BIT), (8 bytes).
    Removing stm32f1xx_hal_spi.o(.text.HAL_SPI_Transmit_DMA), (222 bytes).
    Removing stm32f1xx_hal_spi.o(.ARM.exidx.text.HAL_SPI_Transmit_DMA), (8 bytes).
    Removing stm32f1xx_hal_spi.o(.text.SPI_DMAHalfTransmitCplt), (6 bytes).
    Removing stm32f1xx_hal_spi.o(.ARM.exidx.text.SPI_DMAHalfTransmitCplt), (8 bytes).
    Removing stm32f1xx_hal_spi.o(.text.SPI_DMATransmitCplt), (148 bytes).
    Removing stm32f1xx_hal_spi.o(.ARM.exidx.text.SPI_DMATransmitCplt), (8 bytes).
    Removing stm32f1xx_hal_spi.o(.text.SPI_DMAError), (30 bytes).
    Removing stm32f1xx_hal_spi.o(.ARM.exidx.text.SPI_DMAError), (8 bytes).
    Removing stm32f1xx_hal_spi.o(.text.HAL_SPI_Receive_DMA), (250 bytes).
    Removing stm32f1xx_hal_spi.o(.ARM.exidx.text.HAL_SPI_Receive_DMA), (8 bytes).
    Removing stm32f1xx_hal_spi.o(.text.HAL_SPI_TransmitReceive_DMA), (306 bytes).
    Removing stm32f1xx_hal_spi.o(.ARM.exidx.text.HAL_SPI_TransmitReceive_DMA), (8 bytes).
    Removing stm32f1xx_hal_spi.o(.text.SPI_DMAHalfReceiveCplt), (6 bytes).
    Removing stm32f1xx_hal_spi.o(.ARM.exidx.text.SPI_DMAHalfReceiveCplt), (8 bytes).
    Removing stm32f1xx_hal_spi.o(.text.SPI_DMAReceiveCplt), (172 bytes).
    Removing stm32f1xx_hal_spi.o(.ARM.exidx.text.SPI_DMAReceiveCplt), (8 bytes).
    Removing stm32f1xx_hal_spi.o(.text.SPI_DMAHalfTransmitReceiveCplt), (6 bytes).
    Removing stm32f1xx_hal_spi.o(.ARM.exidx.text.SPI_DMAHalfTransmitReceiveCplt), (8 bytes).
    Removing stm32f1xx_hal_spi.o(.text.SPI_DMATransmitReceiveCplt), (132 bytes).
    Removing stm32f1xx_hal_spi.o(.ARM.exidx.text.SPI_DMATransmitReceiveCplt), (8 bytes).
    Removing stm32f1xx_hal_spi.o(.text.HAL_SPI_Abort), (470 bytes).
    Removing stm32f1xx_hal_spi.o(.ARM.exidx.text.HAL_SPI_Abort), (8 bytes).
    Removing stm32f1xx_hal_spi.o(.text.SPI_AbortTx_ISR), (26 bytes).
    Removing stm32f1xx_hal_spi.o(.ARM.exidx.text.SPI_AbortTx_ISR), (8 bytes).
    Removing stm32f1xx_hal_spi.o(.text.SPI_AbortRx_ISR), (146 bytes).
    Removing stm32f1xx_hal_spi.o(.ARM.exidx.text.SPI_AbortRx_ISR), (8 bytes).
    Removing stm32f1xx_hal_spi.o(.text.HAL_SPI_Abort_IT), (450 bytes).
    Removing stm32f1xx_hal_spi.o(.ARM.exidx.text.HAL_SPI_Abort_IT), (8 bytes).
    Removing stm32f1xx_hal_spi.o(.text.SPI_DMATxAbortCallback), (176 bytes).
    Removing stm32f1xx_hal_spi.o(.ARM.exidx.text.SPI_DMATxAbortCallback), (8 bytes).
    Removing stm32f1xx_hal_spi.o(.text.SPI_DMARxAbortCallback), (144 bytes).
    Removing stm32f1xx_hal_spi.o(.ARM.exidx.text.SPI_DMARxAbortCallback), (8 bytes).
    Removing stm32f1xx_hal_spi.o(.text.HAL_SPI_AbortCpltCallback), (2 bytes).
    Removing stm32f1xx_hal_spi.o(.ARM.exidx.text.HAL_SPI_AbortCpltCallback), (8 bytes).
    Removing stm32f1xx_hal_spi.o(.text.HAL_SPI_DMAPause), (32 bytes).
    Removing stm32f1xx_hal_spi.o(.ARM.exidx.text.HAL_SPI_DMAPause), (8 bytes).
    Removing stm32f1xx_hal_spi.o(.text.HAL_SPI_DMAResume), (32 bytes).
    Removing stm32f1xx_hal_spi.o(.ARM.exidx.text.HAL_SPI_DMAResume), (8 bytes).
    Removing stm32f1xx_hal_spi.o(.text.HAL_SPI_DMAStop), (74 bytes).
    Removing stm32f1xx_hal_spi.o(.ARM.exidx.text.HAL_SPI_DMAStop), (8 bytes).
    Removing stm32f1xx_hal_spi.o(.text.HAL_SPI_IRQHandler), (270 bytes).
    Removing stm32f1xx_hal_spi.o(.ARM.exidx.text.HAL_SPI_IRQHandler), (8 bytes).
    Removing stm32f1xx_hal_spi.o(.text.SPI_DMAAbortOnError), (12 bytes).
    Removing stm32f1xx_hal_spi.o(.ARM.exidx.text.SPI_DMAAbortOnError), (8 bytes).
    Removing stm32f1xx_hal_spi.o(.text.HAL_SPI_ErrorCallback), (2 bytes).
    Removing stm32f1xx_hal_spi.o(.ARM.exidx.text.HAL_SPI_ErrorCallback), (8 bytes).
    Removing stm32f1xx_hal_spi.o(.text.HAL_SPI_TxCpltCallback), (2 bytes).
    Removing stm32f1xx_hal_spi.o(.ARM.exidx.text.HAL_SPI_TxCpltCallback), (8 bytes).
    Removing stm32f1xx_hal_spi.o(.text.HAL_SPI_RxCpltCallback), (2 bytes).
    Removing stm32f1xx_hal_spi.o(.ARM.exidx.text.HAL_SPI_RxCpltCallback), (8 bytes).
    Removing stm32f1xx_hal_spi.o(.text.HAL_SPI_TxRxCpltCallback), (2 bytes).
    Removing stm32f1xx_hal_spi.o(.ARM.exidx.text.HAL_SPI_TxRxCpltCallback), (8 bytes).
    Removing stm32f1xx_hal_spi.o(.text.HAL_SPI_TxHalfCpltCallback), (2 bytes).
    Removing stm32f1xx_hal_spi.o(.ARM.exidx.text.HAL_SPI_TxHalfCpltCallback), (8 bytes).
    Removing stm32f1xx_hal_spi.o(.text.HAL_SPI_RxHalfCpltCallback), (2 bytes).
    Removing stm32f1xx_hal_spi.o(.ARM.exidx.text.HAL_SPI_RxHalfCpltCallback), (8 bytes).
    Removing stm32f1xx_hal_spi.o(.text.HAL_SPI_TxRxHalfCpltCallback), (2 bytes).
    Removing stm32f1xx_hal_spi.o(.ARM.exidx.text.HAL_SPI_TxRxHalfCpltCallback), (8 bytes).
    Removing stm32f1xx_hal_spi.o(.text.HAL_SPI_GetState), (6 bytes).
    Removing stm32f1xx_hal_spi.o(.ARM.exidx.text.HAL_SPI_GetState), (8 bytes).
    Removing stm32f1xx_hal_spi.o(.text.HAL_SPI_GetError), (4 bytes).
    Removing stm32f1xx_hal_spi.o(.ARM.exidx.text.HAL_SPI_GetError), (8 bytes).
    Removing stm32f1xx_hal_spi.o(.text.SPI_CloseRxTx_ISR), (262 bytes).
    Removing stm32f1xx_hal_spi.o(.ARM.exidx.text.SPI_CloseRxTx_ISR), (8 bytes).
    Removing stm32f1xx_hal_spi.o(.text.SPI_CloseRx_ISR), (156 bytes).
    Removing stm32f1xx_hal_spi.o(.ARM.exidx.text.SPI_CloseRx_ISR), (8 bytes).
    Removing stm32f1xx_hal_spi.o(.text.SPI_CloseTx_ISR), (232 bytes).
    Removing stm32f1xx_hal_spi.o(.ARM.exidx.text.SPI_CloseTx_ISR), (8 bytes).
    Removing stm32f1xx_hal_spi.o(.ARM.exidx.text.SPI_WaitFlagStateUntilTimeout), (8 bytes).
    Removing system_stm32f1xx.o(.text), (0 bytes).
    Removing system_stm32f1xx.o(.ARM.exidx.text.SystemInit), (8 bytes).
    Removing system_stm32f1xx.o(.text.SystemCoreClockUpdate), (92 bytes).
    Removing system_stm32f1xx.o(.ARM.exidx.text.SystemCoreClockUpdate), (8 bytes).

578 unused section(s) (total 66528 bytes) removed from the image.

==============================================================================

Image Symbol Table

    Local Symbols

    Symbol Name                              Value     Ov Type        Size  Object(Section)

    ../clib/angel/boardlib.s                 0x00000000   Number         0  boardinit1.o ABSOLUTE
    ../clib/angel/boardlib.s                 0x00000000   Number         0  boardinit2.o ABSOLUTE
    ../clib/angel/boardlib.s                 0x00000000   Number         0  boardinit3.o ABSOLUTE
    ../clib/angel/boardlib.s                 0x00000000   Number         0  boardshut.o ABSOLUTE
    ../clib/angel/handlers.s                 0x00000000   Number         0  __scatter_copy.o ABSOLUTE
    ../clib/angel/handlers.s                 0x00000000   Number         0  __scatter_zi.o ABSOLUTE
    ../clib/angel/kernel.s                   0x00000000   Number         0  __rtentry.o ABSOLUTE
    ../clib/angel/kernel.s                   0x00000000   Number         0  __rtentry2.o ABSOLUTE
    ../clib/angel/kernel.s                   0x00000000   Number         0  __rtentry4.o ABSOLUTE
    ../clib/angel/kernel.s                   0x00000000   Number         0  rtexit.o ABSOLUTE
    ../clib/angel/kernel.s                   0x00000000   Number         0  rtexit2.o ABSOLUTE
    ../clib/angel/rt.s                       0x00000000   Number         0  rt_raise.o ABSOLUTE
    ../clib/angel/scatter.s                  0x00000000   Number         0  __scatter.o ABSOLUTE
    ../clib/angel/startup.s                  0x00000000   Number         0  __main.o ABSOLUTE
    ../clib/angel/sys.s                      0x00000000   Number         0  sys_stackheap_outer.o ABSOLUTE
    ../clib/angel/sys.s                      0x00000000   Number         0  libspace.o ABSOLUTE
    ../clib/angel/sys.s                      0x00000000   Number         0  use_no_semi.o ABSOLUTE
    ../clib/angel/sys.s                      0x00000000   Number         0  indicate_semi.o ABSOLUTE
    ../clib/angel/sysapp.c                   0x00000000   Number         0  sys_exit.o ABSOLUTE
    ../clib/angel/sysapp.c                   0x00000000   Number         0  sys_exit_hlt.o ABSOLUTE
    ../clib/angel/sysapp.c                   0x00000000   Number         0  sys_command.o ABSOLUTE
    ../clib/angel/sysapp.c                   0x00000000   Number         0  sys_command_hlt.o ABSOLUTE
    ../clib/angel/sysapp.c                   0x00000000   Number         0  sys_wrch.o ABSOLUTE
    ../clib/angel/sysapp.c                   0x00000000   Number         0  sys_wrch_hlt.o ABSOLUTE
    ../clib/armsys.c                         0x00000000   Number         0  argv_veneer.o ABSOLUTE
    ../clib/armsys.c                         0x00000000   Number         0  argv_veneer.o ABSOLUTE
    ../clib/armsys.c                         0x00000000   Number         0  _get_argv_nomalloc.o ABSOLUTE
    ../clib/armsys.c                         0x00000000   Number         0  no_argv.o ABSOLUTE
    ../clib/heapalloc.c                      0x00000000   Number         0  hrguard.o ABSOLUTE
    ../clib/heapaux.c                        0x00000000   Number         0  heapauxi.o ABSOLUTE
    ../clib/libinit.s                        0x00000000   Number         0  libinit.o ABSOLUTE
    ../clib/libinit.s                        0x00000000   Number         0  libinit2.o ABSOLUTE
    ../clib/libinit.s                        0x00000000   Number         0  libshutdown.o ABSOLUTE
    ../clib/libinit.s                        0x00000000   Number         0  libshutdown2.o ABSOLUTE
    ../clib/misc.s                           0x00000000   Number         0  printf_stubs.o ABSOLUTE
    ../clib/printf.c                         0x00000000   Number         0  __2sprintf.o ABSOLUTE
    ../clib/printf.c                         0x00000000   Number         0  noretval__2sprintf.o ABSOLUTE
    ../clib/printf.c                         0x00000000   Number         0  __printf.o ABSOLUTE
    ../clib/printf.c                         0x00000000   Number         0  _printf_pad.o ABSOLUTE
    ../clib/printf.c                         0x00000000   Number         0  _printf_str.o ABSOLUTE
    ../clib/printf.c                         0x00000000   Number         0  _printf_dec.o ABSOLUTE
    ../clib/printf.c                         0x00000000   Number         0  __printf_flags.o ABSOLUTE
    ../clib/printf.c                         0x00000000   Number         0  __printf_ss.o ABSOLUTE
    ../clib/printf.c                         0x00000000   Number         0  __printf_flags_ss.o ABSOLUTE
    ../clib/printf.c                         0x00000000   Number         0  __printf_wp.o ABSOLUTE
    ../clib/printf.c                         0x00000000   Number         0  __printf_flags_wp.o ABSOLUTE
    ../clib/printf.c                         0x00000000   Number         0  __printf_ss_wp.o ABSOLUTE
    ../clib/printf.c                         0x00000000   Number         0  __printf_flags_ss_wp.o ABSOLUTE
    ../clib/printf.c                         0x00000000   Number         0  _printf_intcommon.o ABSOLUTE
    ../clib/printf.c                         0x00000000   Number         0  _printf_char_common.o ABSOLUTE
    ../clib/printf.c                         0x00000000   Number         0  _sputc.o ABSOLUTE
    ../clib/printf.c                         0x00000000   Number         0  _printf_char.o ABSOLUTE
    ../clib/printf.c                         0x00000000   Number         0  __printf_nopercent.o ABSOLUTE
    ../clib/printf_percent.s                 0x00000000   Number         0  _printf_s.o ABSOLUTE
    ../clib/printf_percent.s                 0x00000000   Number         0  _printf_d.o ABSOLUTE
    ../clib/printf_percent.s                 0x00000000   Number         0  _printf_percent.o ABSOLUTE
    ../clib/printf_percent.s                 0x00000000   Number         0  _printf_percent_end.o ABSOLUTE
    ../clib/signal.c                         0x00000000   Number         0  defsig_rtmem_outer.o ABSOLUTE
    ../clib/signal.c                         0x00000000   Number         0  defsig_rtmem_formal.o ABSOLUTE
    ../clib/signal.c                         0x00000000   Number         0  defsig_exit.o ABSOLUTE
    ../clib/signal.c                         0x00000000   Number         0  defsig_rtmem_inner.o ABSOLUTE
    ../clib/signal.c                         0x00000000   Number         0  __raise.o ABSOLUTE
    ../clib/signal.c                         0x00000000   Number         0  defsig_general.o ABSOLUTE
    ../clib/signal.c                         0x00000000   Number         0  defsig_abrt_inner.o ABSOLUTE
    ../clib/signal.c                         0x00000000   Number         0  defsig_fpe_inner.o ABSOLUTE
    ../clib/signal.c                         0x00000000   Number         0  defsig_rtred_inner.o ABSOLUTE
    ../clib/signal.c                         0x00000000   Number         0  defsig_stak_inner.o ABSOLUTE
    ../clib/signal.c                         0x00000000   Number         0  defsig_pvfn_inner.o ABSOLUTE
    ../clib/signal.c                         0x00000000   Number         0  defsig_cppl_inner.o ABSOLUTE
    ../clib/signal.c                         0x00000000   Number         0  defsig_segv_inner.o ABSOLUTE
    ../clib/signal.c                         0x00000000   Number         0  defsig_other.o ABSOLUTE
    ../clib/signal.s                         0x00000000   Number         0  defsig.o ABSOLUTE
    ../clib/stdlib.c                         0x00000000   Number         0  exit.o ABSOLUTE
    ../clib/string.c                         0x00000000   Number         0  strcpy.o ABSOLUTE
    ../fplib/fpinit.s                        0x00000000   Number         0  fpinit.o ABSOLUTE
    ../fplib/fpinit_empty.s                  0x00000000   Number         0  fpinit_empty.o ABSOLUTE
    dc.s                                     0x00000000   Number         0  dc.o ABSOLUTE
    fonts.c                                  0x00000000   Number         0  fonts.o ABSOLUTE
    main.c                                   0x00000000   Number         0  main.o ABSOLUTE
    rc522.c                                  0x00000000   Number         0  rc522.o ABSOLUTE
    st7789.c                                 0x00000000   Number         0  st7789.o ABSOLUTE
    startup_stm32f103xb.s                    0x00000000   Number         0  startup_stm32f103xb.o ABSOLUTE
    stm32f1xx_hal.c                          0x00000000   Number         0  stm32f1xx_hal.o ABSOLUTE
    stm32f1xx_hal_cortex.c                   0x00000000   Number         0  stm32f1xx_hal_cortex.o ABSOLUTE
    stm32f1xx_hal_dma.c                      0x00000000   Number         0  stm32f1xx_hal_dma.o ABSOLUTE
    stm32f1xx_hal_exti.c                     0x00000000   Number         0  stm32f1xx_hal_exti.o ABSOLUTE
    stm32f1xx_hal_flash.c                    0x00000000   Number         0  stm32f1xx_hal_flash.o ABSOLUTE
    stm32f1xx_hal_flash_ex.c                 0x00000000   Number         0  stm32f1xx_hal_flash_ex.o ABSOLUTE
    stm32f1xx_hal_gpio.c                     0x00000000   Number         0  stm32f1xx_hal_gpio.o ABSOLUTE
    stm32f1xx_hal_gpio_ex.c                  0x00000000   Number         0  stm32f1xx_hal_gpio_ex.o ABSOLUTE
    stm32f1xx_hal_msp.c                      0x00000000   Number         0  stm32f1xx_hal_msp.o ABSOLUTE
    stm32f1xx_hal_pwr.c                      0x00000000   Number         0  stm32f1xx_hal_pwr.o ABSOLUTE
    stm32f1xx_hal_rcc.c                      0x00000000   Number         0  stm32f1xx_hal_rcc.o ABSOLUTE
    stm32f1xx_hal_rcc_ex.c                   0x00000000   Number         0  stm32f1xx_hal_rcc_ex.o ABSOLUTE
    stm32f1xx_hal_rtc.c                      0x00000000   Number         0  stm32f1xx_hal_rtc.o ABSOLUTE
    stm32f1xx_hal_rtc_ex.c                   0x00000000   Number         0  stm32f1xx_hal_rtc_ex.o ABSOLUTE
    stm32f1xx_hal_spi.c                      0x00000000   Number         0  stm32f1xx_hal_spi.o ABSOLUTE
    stm32f1xx_it.c                           0x00000000   Number         0  stm32f1xx_it.o ABSOLUTE
    system_stm32f1xx.c                       0x00000000   Number         0  system_stm32f1xx.o ABSOLUTE
    RESET                                    0x08000000   Section      236  startup_stm32f103xb.o(RESET)
    !!!main                                  0x080000ec   Section        8  __main.o(!!!main)
    !!!scatter                               0x080000f4   Section       92  __scatter.o(!!!scatter)
    !!handler_copy                           0x08000150   Section       26  __scatter_copy.o(!!handler_copy)
    !!handler_null                           0x0800016c   Section        2  __scatter.o(!!handler_null)
    !!handler_zi                             0x08000170   Section       28  __scatter_zi.o(!!handler_zi)
    .ARM.Collect$$_printf_percent$$00000000  0x0800018c   Section        0  _printf_percent.o(.ARM.Collect$$_printf_percent$$00000000)
    .ARM.Collect$$_printf_percent$$00000009  0x0800018c   Section        6  _printf_d.o(.ARM.Collect$$_printf_percent$$00000009)
    .ARM.Collect$$_printf_percent$$00000014  0x08000192   Section        6  _printf_s.o(.ARM.Collect$$_printf_percent$$00000014)
    .ARM.Collect$$_printf_percent$$00000017  0x08000198   Section        4  _printf_percent_end.o(.ARM.Collect$$_printf_percent$$00000017)
    .ARM.Collect$$libinit$$00000000          0x0800019c   Section        2  libinit.o(.ARM.Collect$$libinit$$00000000)
    .ARM.Collect$$libinit$$00000002          0x0800019e   Section        0  libinit2.o(.ARM.Collect$$libinit$$00000002)
    .ARM.Collect$$libinit$$00000004          0x0800019e   Section        0  libinit2.o(.ARM.Collect$$libinit$$00000004)
    .ARM.Collect$$libinit$$00000006          0x0800019e   Section        0  libinit2.o(.ARM.Collect$$libinit$$00000006)
    .ARM.Collect$$libinit$$0000000C          0x0800019e   Section        0  libinit2.o(.ARM.Collect$$libinit$$0000000C)
    .ARM.Collect$$libinit$$0000000E          0x0800019e   Section        0  libinit2.o(.ARM.Collect$$libinit$$0000000E)
    .ARM.Collect$$libinit$$00000010          0x0800019e   Section        0  libinit2.o(.ARM.Collect$$libinit$$00000010)
    .ARM.Collect$$libinit$$00000013          0x0800019e   Section        0  libinit2.o(.ARM.Collect$$libinit$$00000013)
    .ARM.Collect$$libinit$$00000015          0x0800019e   Section        0  libinit2.o(.ARM.Collect$$libinit$$00000015)
    .ARM.Collect$$libinit$$00000017          0x0800019e   Section        0  libinit2.o(.ARM.Collect$$libinit$$00000017)
    .ARM.Collect$$libinit$$00000019          0x0800019e   Section        0  libinit2.o(.ARM.Collect$$libinit$$00000019)
    .ARM.Collect$$libinit$$0000001B          0x0800019e   Section        0  libinit2.o(.ARM.Collect$$libinit$$0000001B)
    .ARM.Collect$$libinit$$0000001D          0x0800019e   Section        0  libinit2.o(.ARM.Collect$$libinit$$0000001D)
    .ARM.Collect$$libinit$$0000001F          0x0800019e   Section        0  libinit2.o(.ARM.Collect$$libinit$$0000001F)
    .ARM.Collect$$libinit$$00000021          0x0800019e   Section        0  libinit2.o(.ARM.Collect$$libinit$$00000021)
    .ARM.Collect$$libinit$$00000023          0x0800019e   Section        0  libinit2.o(.ARM.Collect$$libinit$$00000023)
    .ARM.Collect$$libinit$$00000025          0x0800019e   Section        0  libinit2.o(.ARM.Collect$$libinit$$00000025)
    .ARM.Collect$$libinit$$00000027          0x0800019e   Section        0  libinit2.o(.ARM.Collect$$libinit$$00000027)
    .ARM.Collect$$libinit$$0000002E          0x0800019e   Section        0  libinit2.o(.ARM.Collect$$libinit$$0000002E)
    .ARM.Collect$$libinit$$00000030          0x0800019e   Section        0  libinit2.o(.ARM.Collect$$libinit$$00000030)
    .ARM.Collect$$libinit$$00000032          0x0800019e   Section        0  libinit2.o(.ARM.Collect$$libinit$$00000032)
    .ARM.Collect$$libinit$$00000034          0x0800019e   Section        0  libinit2.o(.ARM.Collect$$libinit$$00000034)
    .ARM.Collect$$libinit$$00000035          0x0800019e   Section        2  libinit2.o(.ARM.Collect$$libinit$$00000035)
    .ARM.Collect$$libshutdown$$00000000      0x080001a0   Section        2  libshutdown.o(.ARM.Collect$$libshutdown$$00000000)
    .ARM.Collect$$libshutdown$$00000002      0x080001a2   Section        0  libshutdown2.o(.ARM.Collect$$libshutdown$$00000002)
    .ARM.Collect$$libshutdown$$00000004      0x080001a2   Section        0  libshutdown2.o(.ARM.Collect$$libshutdown$$00000004)
    .ARM.Collect$$libshutdown$$00000007      0x080001a2   Section        0  libshutdown2.o(.ARM.Collect$$libshutdown$$00000007)
    .ARM.Collect$$libshutdown$$0000000A      0x080001a2   Section        0  libshutdown2.o(.ARM.Collect$$libshutdown$$0000000A)
    .ARM.Collect$$libshutdown$$0000000C      0x080001a2   Section        0  libshutdown2.o(.ARM.Collect$$libshutdown$$0000000C)
    .ARM.Collect$$libshutdown$$0000000F      0x080001a2   Section        0  libshutdown2.o(.ARM.Collect$$libshutdown$$0000000F)
    .ARM.Collect$$libshutdown$$00000010      0x080001a2   Section        2  libshutdown2.o(.ARM.Collect$$libshutdown$$00000010)
    .ARM.Collect$$rtentry$$00000000          0x080001a4   Section        0  __rtentry.o(.ARM.Collect$$rtentry$$00000000)
    .ARM.Collect$$rtentry$$00000002          0x080001a4   Section        0  __rtentry2.o(.ARM.Collect$$rtentry$$00000002)
    .ARM.Collect$$rtentry$$00000004          0x080001a4   Section        6  __rtentry4.o(.ARM.Collect$$rtentry$$00000004)
    .ARM.Collect$$rtentry$$00000009          0x080001aa   Section        0  __rtentry2.o(.ARM.Collect$$rtentry$$00000009)
    .ARM.Collect$$rtentry$$0000000A          0x080001aa   Section        4  __rtentry2.o(.ARM.Collect$$rtentry$$0000000A)
    .ARM.Collect$$rtentry$$0000000C          0x080001ae   Section        0  __rtentry2.o(.ARM.Collect$$rtentry$$0000000C)
    .ARM.Collect$$rtentry$$0000000D          0x080001ae   Section        8  __rtentry2.o(.ARM.Collect$$rtentry$$0000000D)
    .ARM.Collect$$rtexit$$00000000           0x080001b6   Section        2  rtexit.o(.ARM.Collect$$rtexit$$00000000)
    .ARM.Collect$$rtexit$$00000002           0x080001b8   Section        0  rtexit2.o(.ARM.Collect$$rtexit$$00000002)
    .ARM.Collect$$rtexit$$00000003           0x080001b8   Section        4  rtexit2.o(.ARM.Collect$$rtexit$$00000003)
    .ARM.Collect$$rtexit$$00000004           0x080001bc   Section        6  rtexit2.o(.ARM.Collect$$rtexit$$00000004)
    .text                                    0x080001c4   Section       64  startup_stm32f103xb.o(.text)
    .text                                    0x08000204   Section        0  noretval__2sprintf.o(.text)
    .text                                    0x0800022c   Section        0  _printf_pad.o(.text)
    .text                                    0x0800027a   Section        0  _printf_str.o(.text)
    .text                                    0x080002cc   Section        0  _printf_dec.o(.text)
    .text                                    0x08000344   Section        0  __printf_flags_wp.o(.text)
    .text                                    0x0800047c   Section        0  strcpy.o(.text)
    .text                                    0x080004c4   Section        0  heapauxi.o(.text)
    .text                                    0x080004ca   Section        0  _printf_intcommon.o(.text)
    _printf_input_char                       0x0800057d   Thumb Code    10  _printf_char_common.o(.text)
    .text                                    0x0800057c   Section        0  _printf_char_common.o(.text)
    .text                                    0x080005ac   Section        0  _sputc.o(.text)
    .text                                    0x080005b6   Section        0  _printf_char.o(.text)
    .text                                    0x080005e2   Section       74  sys_stackheap_outer.o(.text)
    .text                                    0x0800062c   Section        0  exit.o(.text)
    .text                                    0x08000640   Section        8  libspace.o(.text)
    .text                                    0x08000648   Section        0  sys_exit.o(.text)
    .text                                    0x08000654   Section        2  use_no_semi.o(.text)
    .text                                    0x08000656   Section        0  indicate_semi.o(.text)
    [Anonymous Symbol]                       0x08000658   Section        0  stm32f1xx_it.o(.text.BusFault_Handler)
    [Anonymous Symbol]                       0x0800065c   Section        0  rc522.o(.text.ClearBitMask)
    [Anonymous Symbol]                       0x0800071c   Section        0  main.o(.text.Closet_Confirm)
    [Anonymous Symbol]                       0x08000838   Section        0  main.o(.text.Confirm_Locker)
    [Anonymous Symbol]                       0x08000920   Section        0  main.o(.text.Confirm_Yes_No_Return)
    [Anonymous Symbol]                       0x080009b0   Section        0  stm32f1xx_it.o(.text.DebugMon_Handler)
    [Anonymous Symbol]                       0x080009b4   Section        0  main.o(.text.Deselect_Closet)
    [Anonymous Symbol]                       0x08000b50   Section        0  stm32f1xx_hal.o(.text.HAL_Delay)
    [Anonymous Symbol]                       0x08000b78   Section        0  stm32f1xx_hal_gpio.o(.text.HAL_GPIO_Init)
    [Anonymous Symbol]                       0x08000d88   Section        0  stm32f1xx_hal_gpio.o(.text.HAL_GPIO_ReadPin)
    [Anonymous Symbol]                       0x08000d94   Section        0  stm32f1xx_hal_gpio.o(.text.HAL_GPIO_WritePin)
    [Anonymous Symbol]                       0x08000da0   Section        0  stm32f1xx_hal.o(.text.HAL_GetTick)
    [Anonymous Symbol]                       0x08000dac   Section        0  stm32f1xx_hal.o(.text.HAL_IncTick)
    [Anonymous Symbol]                       0x08000dc8   Section        0  stm32f1xx_hal.o(.text.HAL_Init)
    [Anonymous Symbol]                       0x08000df0   Section        0  stm32f1xx_hal.o(.text.HAL_InitTick)
    [Anonymous Symbol]                       0x08000e38   Section        0  stm32f1xx_hal_msp.o(.text.HAL_MspInit)
    [Anonymous Symbol]                       0x08000e7c   Section        0  stm32f1xx_hal_cortex.o(.text.HAL_NVIC_SetPriority)
    [Anonymous Symbol]                       0x08000ed4   Section        0  stm32f1xx_hal_cortex.o(.text.HAL_NVIC_SetPriorityGrouping)
    [Anonymous Symbol]                       0x08000ef4   Section        0  stm32f1xx_hal_pwr.o(.text.HAL_PWR_EnableBkUpAccess)
    [Anonymous Symbol]                       0x08000f00   Section        0  stm32f1xx_hal_rcc_ex.o(.text.HAL_RCCEx_GetPeriphCLKFreq)
    HAL_RCCEx_GetPeriphCLKFreq.aPLLMULFactorTable 0x08000fe4   Number         0  stm32f1xx_hal_rcc_ex.o(.text.HAL_RCCEx_GetPeriphCLKFreq)
    HAL_RCCEx_GetPeriphCLKFreq.aPredivFactorTable 0x08000ff4   Number         0  stm32f1xx_hal_rcc_ex.o(.text.HAL_RCCEx_GetPeriphCLKFreq)
    [Anonymous Symbol]                       0x08000ff8   Section        0  stm32f1xx_hal_rcc_ex.o(.text.HAL_RCCEx_PeriphCLKConfig)
    [Anonymous Symbol]                       0x080010fc   Section        0  stm32f1xx_hal_rcc.o(.text.HAL_RCC_ClockConfig)
    [Anonymous Symbol]                       0x080012b8   Section        0  stm32f1xx_hal_rcc.o(.text.HAL_RCC_GetPCLK2Freq)
    [Anonymous Symbol]                       0x080012e0   Section        0  stm32f1xx_hal_rcc.o(.text.HAL_RCC_OscConfig)
    [Anonymous Symbol]                       0x080016e0   Section        0  stm32f1xx_hal_rtc.o(.text.HAL_RTC_GetDate)
    [Anonymous Symbol]                       0x080017ac   Section        0  stm32f1xx_hal_rtc.o(.text.HAL_RTC_GetTime)
    [Anonymous Symbol]                       0x080019e8   Section        0  stm32f1xx_hal_rtc.o(.text.HAL_RTC_Init)
    [Anonymous Symbol]                       0x08001ad8   Section        0  stm32f1xx_hal_msp.o(.text.HAL_RTC_MspInit)
    [Anonymous Symbol]                       0x08001b20   Section        0  stm32f1xx_hal_rtc.o(.text.HAL_RTC_SetAlarm)
    [Anonymous Symbol]                       0x08001c48   Section        0  stm32f1xx_hal_rtc.o(.text.HAL_RTC_SetDate)
    [Anonymous Symbol]                       0x08001e40   Section        0  stm32f1xx_hal_rtc.o(.text.HAL_RTC_SetTime)
    [Anonymous Symbol]                       0x08001f94   Section        0  stm32f1xx_hal_spi.o(.text.HAL_SPI_Init)
    [Anonymous Symbol]                       0x0800203c   Section        0  stm32f1xx_hal_msp.o(.text.HAL_SPI_MspInit)
    [Anonymous Symbol]                       0x08002108   Section        0  stm32f1xx_hal_spi.o(.text.HAL_SPI_Transmit)
    [Anonymous Symbol]                       0x08002304   Section        0  stm32f1xx_hal_spi.o(.text.HAL_SPI_TransmitReceive)
    [Anonymous Symbol]                       0x080025d8   Section        0  stm32f1xx_hal_cortex.o(.text.HAL_SYSTICK_Config)
    [Anonymous Symbol]                       0x08002604   Section        0  stm32f1xx_it.o(.text.HardFault_Handler)
    [Anonymous Symbol]                       0x08002608   Section        0  rc522.o(.text.MFRC522_Anticoll)
    [Anonymous Symbol]                       0x080026a8   Section        0  rc522.o(.text.MFRC522_Init)
    [Anonymous Symbol]                       0x08002920   Section        0  rc522.o(.text.MFRC522_Request)
    [Anonymous Symbol]                       0x080029ac   Section        0  rc522.o(.text.MFRC522_ToCard)
    [Anonymous Symbol]                       0x08002d7c   Section        0  main.o(.text.Main_Menu_Page)
    [Anonymous Symbol]                       0x08002f94   Section        0  stm32f1xx_it.o(.text.MemManage_Handler)
    [Anonymous Symbol]                       0x08002f98   Section        0  main.o(.text.Move_Open_Or_Return)
    [Anonymous Symbol]                       0x08003108   Section        0  main.o(.text.Move_Yes_Or_No)
    [Anonymous Symbol]                       0x0800326c   Section        0  main.o(.text.Move_Yes_Or_No_Return)
    [Anonymous Symbol]                       0x080033d0   Section        0  stm32f1xx_it.o(.text.NMI_Handler)
    [Anonymous Symbol]                       0x080033d4   Section        0  main.o(.text.Opening_Closet_Page)
    [Anonymous Symbol]                       0x08003570   Section        0  stm32f1xx_it.o(.text.PendSV_Handler)
    RTC_DateUpdate                           0x08003575   Thumb Code   728  stm32f1xx_hal_rtc.o(.text.RTC_DateUpdate)
    [Anonymous Symbol]                       0x08003574   Section        0  stm32f1xx_hal_rtc.o(.text.RTC_DateUpdate)
    RTC_WriteAlarmCounter                    0x0800384d   Thumb Code    96  stm32f1xx_hal_rtc.o(.text.RTC_WriteAlarmCounter)
    [Anonymous Symbol]                       0x0800384c   Section        0  stm32f1xx_hal_rtc.o(.text.RTC_WriteAlarmCounter)
    [Anonymous Symbol]                       0x080038ac   Section        0  main.o(.text.Return_Locker)
    [Anonymous Symbol]                       0x080039b4   Section        0  main.o(.text.Return_Locker_Done)
    SPI_WaitFlagStateUntilTimeout            0x08003a71   Thumb Code   288  stm32f1xx_hal_spi.o(.text.SPI_WaitFlagStateUntilTimeout)
    [Anonymous Symbol]                       0x08003a70   Section        0  stm32f1xx_hal_spi.o(.text.SPI_WaitFlagStateUntilTimeout)
    [Anonymous Symbol]                       0x08003b90   Section        0  st7789.o(.text.ST7789_DrawLine)
    [Anonymous Symbol]                       0x08003c50   Section        0  st7789.o(.text.ST7789_DrawPixel)
    [Anonymous Symbol]                       0x08003cc8   Section        0  st7789.o(.text.ST7789_Fill_Color)
    [Anonymous Symbol]                       0x08003d64   Section        0  st7789.o(.text.ST7789_Init)
    ST7789_SetAddressWindow                  0x0800440d   Thumb Code   358  st7789.o(.text.ST7789_SetAddressWindow)
    [Anonymous Symbol]                       0x0800440c   Section        0  st7789.o(.text.ST7789_SetAddressWindow)
    [Anonymous Symbol]                       0x08004574   Section        0  st7789.o(.text.ST7789_WriteChar)
    [Anonymous Symbol]                       0x0800467c   Section        0  st7789.o(.text.ST7789_WriteString)
    [Anonymous Symbol]                       0x08004710   Section        0  stm32f1xx_it.o(.text.SVC_Handler)
    [Anonymous Symbol]                       0x08004714   Section        0  main.o(.text.Select_Closet)
    [Anonymous Symbol]                       0x08004878   Section        0  rc522.o(.text.SetBitMask)
    [Anonymous Symbol]                       0x08004938   Section        0  stm32f1xx_it.o(.text.SysTick_Handler)
    [Anonymous Symbol]                       0x0800493c   Section        0  system_stm32f1xx.o(.text.SystemInit)
    [Anonymous Symbol]                       0x08004940   Section        0  stm32f1xx_it.o(.text.UsageFault_Handler)
    [Anonymous Symbol]                       0x08004944   Section        0  main.o(.text.Used_Close_Page)
    [Anonymous Symbol]                       0x08004a50   Section        0  main.o(.text.main)
    i._is_digit                              0x08005022   Section        0  __printf_wp.o(i._is_digit)
    maptable                                 0x08005030   Data          17  __printf_flags_wp.o(.constdata)
    .constdata                               0x08005030   Section       17  __printf_flags_wp.o(.constdata)
    Font11x18                                0x0800505a   Data        3420  fonts.o(.rodata.Font11x18)
    [Anonymous Symbol]                       0x0800505a   Section        0  fonts.o(.rodata.Font11x18)
    Font16x26                                0x08005db6   Data        4940  fonts.o(.rodata.Font16x26)
    [Anonymous Symbol]                       0x08005db6   Section        0  fonts.o(.rodata.Font16x26)
    HAL_RCC_GetSysClockFreq.aPredivFactorTable 0x08007102   Data           2  stm32f1xx_hal_rcc.o(.rodata.HAL_RCC_GetSysClockFreq.aPredivFactorTable)
    [Anonymous Symbol]                       0x08007102   Section        0  stm32f1xx_hal_rcc.o(.rodata.HAL_RCC_GetSysClockFreq.aPredivFactorTable)
    HAL_RCC_GetSysClockFreq.aPLLMULFactorTable 0x08007104   Data          16  stm32f1xx_hal_rcc.o(.rodata.cst16)
    [Anonymous Symbol]                       0x08007104   Section        0  stm32f1xx_hal_rcc.o(.rodata.cst16)
    .L.str.36                                0x08007114   Data          12  main.o(.rodata.str1.1)
    [Anonymous Symbol]                       0x08007114   Section        0  main.o(.rodata.str1.1)
    .L.str.35                                0x08007120   Data          17  main.o(.rodata.str1.1)
    .L.str.33                                0x08007131   Data          14  main.o(.rodata.str1.1)
    .L.str.9                                 0x0800713f   Data          17  main.o(.rodata.str1.1)
    .L.str.8                                 0x08007150   Data          13  main.o(.rodata.str1.1)
    .L.str.10                                0x0800715d   Data          13  main.o(.rodata.str1.1)
    .L.str.19                                0x0800716a   Data           7  main.o(.rodata.str1.1)
    .L.str.18                                0x08007171   Data           8  main.o(.rodata.str1.1)
    .L.str                                   0x08007179   Data           4  main.o(.rodata.str1.1)
    .L.str.2                                 0x0800717d   Data           4  main.o(.rodata.str1.1)
    .L.str.3                                 0x08007181   Data           4  main.o(.rodata.str1.1)
    .L.str.4                                 0x08007185   Data           4  main.o(.rodata.str1.1)
    .L.str.5                                 0x08007189   Data           4  main.o(.rodata.str1.1)
    .L.str.7                                 0x0800718d   Data           4  main.o(.rodata.str1.1)
    .L.str.34                                0x08007191   Data           7  main.o(.rodata.str1.1)
    .L.str.26                                0x08007198   Data          15  main.o(.rodata.str1.1)
    .L.str.27                                0x080071a7   Data          16  main.o(.rodata.str1.1)
    .L.str.14                                0x080071b7   Data          12  main.o(.rodata.str1.1)
    .L.str.6                                 0x080071c3   Data           5  main.o(.rodata.str1.1)
    .L.str.24                                0x080071c8   Data           8  main.o(.rodata.str1.1)
    .L.str.1                                 0x080071d0   Data           6  main.o(.rodata.str1.1)
    .L_MergedGlobals                         0x20000000   Data          89  main.o(.data..L_MergedGlobals)
    [Anonymous Symbol]                       0x20000000   Section        0  main.o(.data..L_MergedGlobals)
    .L_MergedGlobals                         0x2000005c   Data           8  stm32f1xx_hal.o(.data..L_MergedGlobals)
    [Anonymous Symbol]                       0x2000005c   Section        0  stm32f1xx_hal.o(.data..L_MergedGlobals)
    .bss                                     0x20000078   Section       96  libspace.o(.bss)
    .L_MergedGlobals.42                      0x200000d8   Data         124  main.o(.bss..L_MergedGlobals.42)
    [Anonymous Symbol]                       0x200000d8   Section        0  main.o(.bss..L_MergedGlobals.42)
    Heap_Mem                                 0x200001b0   Data         512  startup_stm32f103xb.o(HEAP)
    HEAP                                     0x200001b0   Section      512  startup_stm32f103xb.o(HEAP)
    Stack_Mem                                0x200003b0   Data        1024  startup_stm32f103xb.o(STACK)
    STACK                                    0x200003b0   Section     1024  startup_stm32f103xb.o(STACK)
    __initial_sp                             0x200007b0   Data           0  startup_stm32f103xb.o(STACK)

    Global Symbols

    Symbol Name                              Value     Ov Type        Size  Object(Section)

    BuildAttributes$$THM_ISAv4$P$D$K$B$S$PE$A:L22UL41UL21$X:L11$S22US41US21$IEEE1$IW$~IW$USESV6$~STKCKD$USESV7$~SHL$OTIME$ROPI$EBA8$UX$STANDARDLIB$REQ8$PRES8$EABIv2 0x00000000   Number         0  anon$$obj.o ABSOLUTE
    __fp_init_empty                          0x00000000   Number         0  fpinit_empty.o ABSOLUTE
    _printf_flags                            0x00000000   Number         0  printf_stubs.o ABSOLUTE
    _printf_return_value                     0x00000000   Number         0  printf_stubs.o ABSOLUTE
    _printf_sizespec                         0x00000000   Number         0  printf_stubs.o ABSOLUTE
    _printf_widthprec                        0x00000000   Number         0  printf_stubs.o ABSOLUTE
    __ARM_exceptions_init                     - Undefined Weak Reference
    __alloca_initialize                       - Undefined Weak Reference
    __arm_preinit_                            - Undefined Weak Reference
    __arm_relocate_pie_                       - Undefined Weak Reference
    __cpp_initialize__aeabi_                  - Undefined Weak Reference
    __cxa_finalize                            - Undefined Weak Reference
    __rt_locale                               - Undefined Weak Reference
    __sigvec_lookup                           - Undefined Weak Reference
    _atexit_init                              - Undefined Weak Reference
    _call_atexit_fns                          - Undefined Weak Reference
    _clock_init                               - Undefined Weak Reference
    _fp_trap_init                             - Undefined Weak Reference
    _fp_trap_shutdown                         - Undefined Weak Reference
    _get_lc_collate                           - Undefined Weak Reference
    _get_lc_ctype                             - Undefined Weak Reference
    _get_lc_monetary                          - Undefined Weak Reference
    _get_lc_numeric                           - Undefined Weak Reference
    _get_lc_time                              - Undefined Weak Reference
    _getenv_init                              - Undefined Weak Reference
    _handle_redirection                       - Undefined Weak Reference
    _init_alloc                               - Undefined Weak Reference
    _init_user_alloc                          - Undefined Weak Reference
    _initio                                   - Undefined Weak Reference
    _printf_mbtowc                            - Undefined Weak Reference
    _printf_truncate_signed                   - Undefined Weak Reference
    _printf_truncate_unsigned                 - Undefined Weak Reference
    _rand_init                                - Undefined Weak Reference
    _signal_finish                            - Undefined Weak Reference
    _signal_init                              - Undefined Weak Reference
    _terminate_alloc                          - Undefined Weak Reference
    _terminate_user_alloc                     - Undefined Weak Reference
    _terminateio                              - Undefined Weak Reference
    __Vectors_Size                           0x000000ec   Number         0  startup_stm32f103xb.o ABSOLUTE
    __Vectors                                0x08000000   Data           4  startup_stm32f103xb.o(RESET)
    __Vectors_End                            0x080000ec   Data           0  startup_stm32f103xb.o(RESET)
    __main                                   0x080000ed   Thumb Code     8  __main.o(!!!main)
    __scatterload                            0x080000f5   Thumb Code     0  __scatter.o(!!!scatter)
    __scatterload_rt2                        0x080000f5   Thumb Code    84  __scatter.o(!!!scatter)
    __scatterload_rt2_thumb_only             0x080000f5   Thumb Code     0  __scatter.o(!!!scatter)
    __scatterload_loop                       0x080000ff   Thumb Code     0  __scatter.o(!!!scatter)
    __scatterload_copy                       0x08000151   Thumb Code    26  __scatter_copy.o(!!handler_copy)
    __scatterload_null                       0x0800016d   Thumb Code     2  __scatter.o(!!handler_null)
    __scatterload_zeroinit                   0x08000171   Thumb Code    28  __scatter_zi.o(!!handler_zi)
    _printf_d                                0x0800018d   Thumb Code     0  _printf_d.o(.ARM.Collect$$_printf_percent$$00000009)
    _printf_percent                          0x0800018d   Thumb Code     0  _printf_percent.o(.ARM.Collect$$_printf_percent$$00000000)
    _printf_s                                0x08000193   Thumb Code     0  _printf_s.o(.ARM.Collect$$_printf_percent$$00000014)
    _printf_percent_end                      0x08000199   Thumb Code     0  _printf_percent_end.o(.ARM.Collect$$_printf_percent$$00000017)
    __rt_lib_init                            0x0800019d   Thumb Code     0  libinit.o(.ARM.Collect$$libinit$$00000000)
    __rt_lib_init_alloca_1                   0x0800019f   Thumb Code     0  libinit2.o(.ARM.Collect$$libinit$$00000030)
    __rt_lib_init_argv_1                     0x0800019f   Thumb Code     0  libinit2.o(.ARM.Collect$$libinit$$0000002E)
    __rt_lib_init_atexit_1                   0x0800019f   Thumb Code     0  libinit2.o(.ARM.Collect$$libinit$$0000001D)
    __rt_lib_init_clock_1                    0x0800019f   Thumb Code     0  libinit2.o(.ARM.Collect$$libinit$$00000023)
    __rt_lib_init_cpp_1                      0x0800019f   Thumb Code     0  libinit2.o(.ARM.Collect$$libinit$$00000034)
    __rt_lib_init_exceptions_1               0x0800019f   Thumb Code     0  libinit2.o(.ARM.Collect$$libinit$$00000032)
    __rt_lib_init_fp_1                       0x0800019f   Thumb Code     0  libinit2.o(.ARM.Collect$$libinit$$00000002)
    __rt_lib_init_fp_trap_1                  0x0800019f   Thumb Code     0  libinit2.o(.ARM.Collect$$libinit$$00000021)
    __rt_lib_init_getenv_1                   0x0800019f   Thumb Code     0  libinit2.o(.ARM.Collect$$libinit$$00000025)
    __rt_lib_init_heap_1                     0x0800019f   Thumb Code     0  libinit2.o(.ARM.Collect$$libinit$$0000000C)
    __rt_lib_init_lc_collate_1               0x0800019f   Thumb Code     0  libinit2.o(.ARM.Collect$$libinit$$00000013)
    __rt_lib_init_lc_ctype_1                 0x0800019f   Thumb Code     0  libinit2.o(.ARM.Collect$$libinit$$00000015)
    __rt_lib_init_lc_monetary_1              0x0800019f   Thumb Code     0  libinit2.o(.ARM.Collect$$libinit$$00000017)
    __rt_lib_init_lc_numeric_1               0x0800019f   Thumb Code     0  libinit2.o(.ARM.Collect$$libinit$$00000019)
    __rt_lib_init_lc_time_1                  0x0800019f   Thumb Code     0  libinit2.o(.ARM.Collect$$libinit$$0000001B)
    __rt_lib_init_preinit_1                  0x0800019f   Thumb Code     0  libinit2.o(.ARM.Collect$$libinit$$00000006)
    __rt_lib_init_rand_1                     0x0800019f   Thumb Code     0  libinit2.o(.ARM.Collect$$libinit$$00000010)
    __rt_lib_init_relocate_pie_1             0x0800019f   Thumb Code     0  libinit2.o(.ARM.Collect$$libinit$$00000004)
    __rt_lib_init_return                     0x0800019f   Thumb Code     0  libinit2.o(.ARM.Collect$$libinit$$00000035)
    __rt_lib_init_signal_1                   0x0800019f   Thumb Code     0  libinit2.o(.ARM.Collect$$libinit$$0000001F)
    __rt_lib_init_stdio_1                    0x0800019f   Thumb Code     0  libinit2.o(.ARM.Collect$$libinit$$00000027)
    __rt_lib_init_user_alloc_1               0x0800019f   Thumb Code     0  libinit2.o(.ARM.Collect$$libinit$$0000000E)
    __rt_lib_shutdown                        0x080001a1   Thumb Code     0  libshutdown.o(.ARM.Collect$$libshutdown$$00000000)
    __rt_lib_shutdown_cpp_1                  0x080001a3   Thumb Code     0  libshutdown2.o(.ARM.Collect$$libshutdown$$00000002)
    __rt_lib_shutdown_fp_trap_1              0x080001a3   Thumb Code     0  libshutdown2.o(.ARM.Collect$$libshutdown$$00000007)
    __rt_lib_shutdown_heap_1                 0x080001a3   Thumb Code     0  libshutdown2.o(.ARM.Collect$$libshutdown$$0000000F)
    __rt_lib_shutdown_return                 0x080001a3   Thumb Code     0  libshutdown2.o(.ARM.Collect$$libshutdown$$00000010)
    __rt_lib_shutdown_signal_1               0x080001a3   Thumb Code     0  libshutdown2.o(.ARM.Collect$$libshutdown$$0000000A)
    __rt_lib_shutdown_stdio_1                0x080001a3   Thumb Code     0  libshutdown2.o(.ARM.Collect$$libshutdown$$00000004)
    __rt_lib_shutdown_user_alloc_1           0x080001a3   Thumb Code     0  libshutdown2.o(.ARM.Collect$$libshutdown$$0000000C)
    __rt_entry                               0x080001a5   Thumb Code     0  __rtentry.o(.ARM.Collect$$rtentry$$00000000)
    __rt_entry_presh_1                       0x080001a5   Thumb Code     0  __rtentry2.o(.ARM.Collect$$rtentry$$00000002)
    __rt_entry_sh                            0x080001a5   Thumb Code     0  __rtentry4.o(.ARM.Collect$$rtentry$$00000004)
    __rt_entry_li                            0x080001ab   Thumb Code     0  __rtentry2.o(.ARM.Collect$$rtentry$$0000000A)
    __rt_entry_postsh_1                      0x080001ab   Thumb Code     0  __rtentry2.o(.ARM.Collect$$rtentry$$00000009)
    __rt_entry_main                          0x080001af   Thumb Code     0  __rtentry2.o(.ARM.Collect$$rtentry$$0000000D)
    __rt_entry_postli_1                      0x080001af   Thumb Code     0  __rtentry2.o(.ARM.Collect$$rtentry$$0000000C)
    __rt_exit                                0x080001b7   Thumb Code     0  rtexit.o(.ARM.Collect$$rtexit$$00000000)
    __rt_exit_ls                             0x080001b9   Thumb Code     0  rtexit2.o(.ARM.Collect$$rtexit$$00000003)
    __rt_exit_prels_1                        0x080001b9   Thumb Code     0  rtexit2.o(.ARM.Collect$$rtexit$$00000002)
    __rt_exit_exit                           0x080001bd   Thumb Code     0  rtexit2.o(.ARM.Collect$$rtexit$$00000004)
    Reset_Handler                            0x080001c5   Thumb Code     8  startup_stm32f103xb.o(.text)
    ADC1_2_IRQHandler                        0x080001df   Thumb Code     0  startup_stm32f103xb.o(.text)
    CAN1_RX1_IRQHandler                      0x080001df   Thumb Code     0  startup_stm32f103xb.o(.text)
    CAN1_SCE_IRQHandler                      0x080001df   Thumb Code     0  startup_stm32f103xb.o(.text)
    DMA1_Channel1_IRQHandler                 0x080001df   Thumb Code     0  startup_stm32f103xb.o(.text)
    DMA1_Channel2_IRQHandler                 0x080001df   Thumb Code     0  startup_stm32f103xb.o(.text)
    DMA1_Channel3_IRQHandler                 0x080001df   Thumb Code     0  startup_stm32f103xb.o(.text)
    DMA1_Channel4_IRQHandler                 0x080001df   Thumb Code     0  startup_stm32f103xb.o(.text)
    DMA1_Channel5_IRQHandler                 0x080001df   Thumb Code     0  startup_stm32f103xb.o(.text)
    DMA1_Channel6_IRQHandler                 0x080001df   Thumb Code     0  startup_stm32f103xb.o(.text)
    DMA1_Channel7_IRQHandler                 0x080001df   Thumb Code     0  startup_stm32f103xb.o(.text)
    EXTI0_IRQHandler                         0x080001df   Thumb Code     0  startup_stm32f103xb.o(.text)
    EXTI15_10_IRQHandler                     0x080001df   Thumb Code     0  startup_stm32f103xb.o(.text)
    EXTI1_IRQHandler                         0x080001df   Thumb Code     0  startup_stm32f103xb.o(.text)
    EXTI2_IRQHandler                         0x080001df   Thumb Code     0  startup_stm32f103xb.o(.text)
    EXTI3_IRQHandler                         0x080001df   Thumb Code     0  startup_stm32f103xb.o(.text)
    EXTI4_IRQHandler                         0x080001df   Thumb Code     0  startup_stm32f103xb.o(.text)
    EXTI9_5_IRQHandler                       0x080001df   Thumb Code     0  startup_stm32f103xb.o(.text)
    FLASH_IRQHandler                         0x080001df   Thumb Code     0  startup_stm32f103xb.o(.text)
    I2C1_ER_IRQHandler                       0x080001df   Thumb Code     0  startup_stm32f103xb.o(.text)
    I2C1_EV_IRQHandler                       0x080001df   Thumb Code     0  startup_stm32f103xb.o(.text)
    I2C2_ER_IRQHandler                       0x080001df   Thumb Code     0  startup_stm32f103xb.o(.text)
    I2C2_EV_IRQHandler                       0x080001df   Thumb Code     0  startup_stm32f103xb.o(.text)
    PVD_IRQHandler                           0x080001df   Thumb Code     0  startup_stm32f103xb.o(.text)
    RCC_IRQHandler                           0x080001df   Thumb Code     0  startup_stm32f103xb.o(.text)
    RTC_Alarm_IRQHandler                     0x080001df   Thumb Code     0  startup_stm32f103xb.o(.text)
    RTC_IRQHandler                           0x080001df   Thumb Code     0  startup_stm32f103xb.o(.text)
    SPI1_IRQHandler                          0x080001df   Thumb Code     0  startup_stm32f103xb.o(.text)
    SPI2_IRQHandler                          0x080001df   Thumb Code     0  startup_stm32f103xb.o(.text)
    TAMPER_IRQHandler                        0x080001df   Thumb Code     0  startup_stm32f103xb.o(.text)
    TIM1_BRK_IRQHandler                      0x080001df   Thumb Code     0  startup_stm32f103xb.o(.text)
    TIM1_CC_IRQHandler                       0x080001df   Thumb Code     0  startup_stm32f103xb.o(.text)
    TIM1_TRG_COM_IRQHandler                  0x080001df   Thumb Code     0  startup_stm32f103xb.o(.text)
    TIM1_UP_IRQHandler                       0x080001df   Thumb Code     0  startup_stm32f103xb.o(.text)
    TIM2_IRQHandler                          0x080001df   Thumb Code     0  startup_stm32f103xb.o(.text)
    TIM3_IRQHandler                          0x080001df   Thumb Code     0  startup_stm32f103xb.o(.text)
    TIM4_IRQHandler                          0x080001df   Thumb Code     0  startup_stm32f103xb.o(.text)
    USART1_IRQHandler                        0x080001df   Thumb Code     0  startup_stm32f103xb.o(.text)
    USART2_IRQHandler                        0x080001df   Thumb Code     0  startup_stm32f103xb.o(.text)
    USART3_IRQHandler                        0x080001df   Thumb Code     0  startup_stm32f103xb.o(.text)
    USBWakeUp_IRQHandler                     0x080001df   Thumb Code     0  startup_stm32f103xb.o(.text)
    USB_HP_CAN1_TX_IRQHandler                0x080001df   Thumb Code     0  startup_stm32f103xb.o(.text)
    USB_LP_CAN1_RX0_IRQHandler               0x080001df   Thumb Code     0  startup_stm32f103xb.o(.text)
    WWDG_IRQHandler                          0x080001df   Thumb Code     0  startup_stm32f103xb.o(.text)
    __user_initial_stackheap                 0x080001e1   Thumb Code     0  startup_stm32f103xb.o(.text)
    __2sprintf                               0x08000205   Thumb Code    34  noretval__2sprintf.o(.text)
    _printf_pre_padding                      0x0800022d   Thumb Code    44  _printf_pad.o(.text)
    _printf_post_padding                     0x08000259   Thumb Code    34  _printf_pad.o(.text)
    _printf_str                              0x0800027b   Thumb Code    82  _printf_str.o(.text)
    _printf_int_dec                          0x080002cd   Thumb Code   104  _printf_dec.o(.text)
    __printf                                 0x08000345   Thumb Code   308  __printf_flags_wp.o(.text)
    strcpy                                   0x0800047d   Thumb Code    72  strcpy.o(.text)
    __use_two_region_memory                  0x080004c5   Thumb Code     2  heapauxi.o(.text)
    __rt_heap_escrow$2region                 0x080004c7   Thumb Code     2  heapauxi.o(.text)
    __rt_heap_expand$2region                 0x080004c9   Thumb Code     2  heapauxi.o(.text)
    _printf_int_common                       0x080004cb   Thumb Code   178  _printf_intcommon.o(.text)
    _printf_char_common                      0x08000587   Thumb Code    32  _printf_char_common.o(.text)
    _sputc                                   0x080005ad   Thumb Code    10  _sputc.o(.text)
    _printf_cs_common                        0x080005b7   Thumb Code    20  _printf_char.o(.text)
    _printf_char                             0x080005cb   Thumb Code    16  _printf_char.o(.text)
    _printf_string                           0x080005db   Thumb Code     8  _printf_char.o(.text)
    __user_setup_stackheap                   0x080005e3   Thumb Code    74  sys_stackheap_outer.o(.text)
    exit                                     0x0800062d   Thumb Code    18  exit.o(.text)
    __user_libspace                          0x08000641   Thumb Code     8  libspace.o(.text)
    __user_perproc_libspace                  0x08000641   Thumb Code     0  libspace.o(.text)
    __user_perthread_libspace                0x08000641   Thumb Code     0  libspace.o(.text)
    _sys_exit                                0x08000649   Thumb Code     8  sys_exit.o(.text)
    __I$use$semihosting                      0x08000655   Thumb Code     0  use_no_semi.o(.text)
    __use_no_semihosting_swi                 0x08000655   Thumb Code     2  use_no_semi.o(.text)
    __semihosting_library_function           0x08000657   Thumb Code     0  indicate_semi.o(.text)
    BusFault_Handler                         0x08000659   Thumb Code     2  stm32f1xx_it.o(.text.BusFault_Handler)
    ClearBitMask                             0x0800065d   Thumb Code   190  rc522.o(.text.ClearBitMask)
    Closet_Confirm                           0x0800071d   Thumb Code   248  main.o(.text.Closet_Confirm)
    Confirm_Locker                           0x08000839   Thumb Code   232  main.o(.text.Confirm_Locker)
    Confirm_Yes_No_Return                    0x08000921   Thumb Code   144  main.o(.text.Confirm_Yes_No_Return)
    DebugMon_Handler                         0x080009b1   Thumb Code     2  stm32f1xx_it.o(.text.DebugMon_Handler)
    Deselect_Closet                          0x080009b5   Thumb Code   412  main.o(.text.Deselect_Closet)
    HAL_Delay                                0x08000b51   Thumb Code    40  stm32f1xx_hal.o(.text.HAL_Delay)
    HAL_GPIO_Init                            0x08000b79   Thumb Code   526  stm32f1xx_hal_gpio.o(.text.HAL_GPIO_Init)
    HAL_GPIO_ReadPin                         0x08000d89   Thumb Code    10  stm32f1xx_hal_gpio.o(.text.HAL_GPIO_ReadPin)
    HAL_GPIO_WritePin                        0x08000d95   Thumb Code    10  stm32f1xx_hal_gpio.o(.text.HAL_GPIO_WritePin)
    HAL_GetTick                              0x08000da1   Thumb Code    12  stm32f1xx_hal.o(.text.HAL_GetTick)
    HAL_IncTick                              0x08000dad   Thumb Code    26  stm32f1xx_hal.o(.text.HAL_IncTick)
    HAL_Init                                 0x08000dc9   Thumb Code    38  stm32f1xx_hal.o(.text.HAL_Init)
    HAL_InitTick                             0x08000df1   Thumb Code    72  stm32f1xx_hal.o(.text.HAL_InitTick)
    HAL_MspInit                              0x08000e39   Thumb Code    66  stm32f1xx_hal_msp.o(.text.HAL_MspInit)
    HAL_NVIC_SetPriority                     0x08000e7d   Thumb Code    86  stm32f1xx_hal_cortex.o(.text.HAL_NVIC_SetPriority)
    HAL_NVIC_SetPriorityGrouping             0x08000ed5   Thumb Code    32  stm32f1xx_hal_cortex.o(.text.HAL_NVIC_SetPriorityGrouping)
    HAL_PWR_EnableBkUpAccess                 0x08000ef5   Thumb Code    12  stm32f1xx_hal_pwr.o(.text.HAL_PWR_EnableBkUpAccess)
    HAL_RCCEx_GetPeriphCLKFreq               0x08000f01   Thumb Code   228  stm32f1xx_hal_rcc_ex.o(.text.HAL_RCCEx_GetPeriphCLKFreq)
    HAL_RCCEx_PeriphCLKConfig                0x08000ff9   Thumb Code   258  stm32f1xx_hal_rcc_ex.o(.text.HAL_RCCEx_PeriphCLKConfig)
    HAL_RCC_ClockConfig                      0x080010fd   Thumb Code   442  stm32f1xx_hal_rcc.o(.text.HAL_RCC_ClockConfig)
    HAL_RCC_GetPCLK2Freq                     0x080012b9   Thumb Code    38  stm32f1xx_hal_rcc.o(.text.HAL_RCC_GetPCLK2Freq)
    HAL_RCC_OscConfig                        0x080012e1   Thumb Code  1024  stm32f1xx_hal_rcc.o(.text.HAL_RCC_OscConfig)
    HAL_RTC_GetDate                          0x080016e1   Thumb Code   202  stm32f1xx_hal_rtc.o(.text.HAL_RTC_GetDate)
    HAL_RTC_GetTime                          0x080017ad   Thumb Code   570  stm32f1xx_hal_rtc.o(.text.HAL_RTC_GetTime)
    HAL_RTC_Init                             0x080019e9   Thumb Code   240  stm32f1xx_hal_rtc.o(.text.HAL_RTC_Init)
    HAL_RTC_MspInit                          0x08001ad9   Thumb Code    70  stm32f1xx_hal_msp.o(.text.HAL_RTC_MspInit)
    HAL_RTC_SetAlarm                         0x08001b21   Thumb Code   294  stm32f1xx_hal_rtc.o(.text.HAL_RTC_SetAlarm)
    HAL_RTC_SetDate                          0x08001c49   Thumb Code   504  stm32f1xx_hal_rtc.o(.text.HAL_RTC_SetDate)
    HAL_RTC_SetTime                          0x08001e41   Thumb Code   340  stm32f1xx_hal_rtc.o(.text.HAL_RTC_SetTime)
    HAL_SPI_Init                             0x08001f95   Thumb Code   168  stm32f1xx_hal_spi.o(.text.HAL_SPI_Init)
    HAL_SPI_MspInit                          0x0800203d   Thumb Code   204  stm32f1xx_hal_msp.o(.text.HAL_SPI_MspInit)
    HAL_SPI_Transmit                         0x08002109   Thumb Code   506  stm32f1xx_hal_spi.o(.text.HAL_SPI_Transmit)
    HAL_SPI_TransmitReceive                  0x08002305   Thumb Code   722  stm32f1xx_hal_spi.o(.text.HAL_SPI_TransmitReceive)
    HAL_SYSTICK_Config                       0x080025d9   Thumb Code    44  stm32f1xx_hal_cortex.o(.text.HAL_SYSTICK_Config)
    HardFault_Handler                        0x08002605   Thumb Code     2  stm32f1xx_it.o(.text.HardFault_Handler)
    MFRC522_Anticoll                         0x08002609   Thumb Code   158  rc522.o(.text.MFRC522_Anticoll)
    MFRC522_Init                             0x080026a9   Thumb Code   632  rc522.o(.text.MFRC522_Init)
    MFRC522_Request                          0x08002921   Thumb Code   140  rc522.o(.text.MFRC522_Request)
    MFRC522_ToCard                           0x080029ad   Thumb Code   976  rc522.o(.text.MFRC522_ToCard)
    Main_Menu_Page                           0x08002d7d   Thumb Code   500  main.o(.text.Main_Menu_Page)
    MemManage_Handler                        0x08002f95   Thumb Code     2  stm32f1xx_it.o(.text.MemManage_Handler)
    Move_Open_Or_Return                      0x08002f99   Thumb Code   368  main.o(.text.Move_Open_Or_Return)
    Move_Yes_Or_No                           0x08003109   Thumb Code   356  main.o(.text.Move_Yes_Or_No)
    Move_Yes_Or_No_Return                    0x0800326d   Thumb Code   356  main.o(.text.Move_Yes_Or_No_Return)
    NMI_Handler                              0x080033d1   Thumb Code     2  stm32f1xx_it.o(.text.NMI_Handler)
    Opening_Closet_Page                      0x080033d5   Thumb Code   344  main.o(.text.Opening_Closet_Page)
    PendSV_Handler                           0x08003571   Thumb Code     2  stm32f1xx_it.o(.text.PendSV_Handler)
    Return_Locker                            0x080038ad   Thumb Code   232  main.o(.text.Return_Locker)
    Return_Locker_Done                       0x080039b5   Thumb Code   140  main.o(.text.Return_Locker_Done)
    ST7789_DrawLine                          0x08003b91   Thumb Code   192  st7789.o(.text.ST7789_DrawLine)
    ST7789_DrawPixel                         0x08003c51   Thumb Code   120  st7789.o(.text.ST7789_DrawPixel)
    ST7789_Fill_Color                        0x08003cc9   Thumb Code   154  st7789.o(.text.ST7789_Fill_Color)
    ST7789_Init                              0x08003d65   Thumb Code  1702  st7789.o(.text.ST7789_Init)
    ST7789_WriteChar                         0x08004575   Thumb Code   264  st7789.o(.text.ST7789_WriteChar)
    ST7789_WriteString                       0x0800467d   Thumb Code   146  st7789.o(.text.ST7789_WriteString)
    SVC_Handler                              0x08004711   Thumb Code     2  stm32f1xx_it.o(.text.SVC_Handler)
    Select_Closet                            0x08004715   Thumb Code   354  main.o(.text.Select_Closet)
    SetBitMask                               0x08004879   Thumb Code   190  rc522.o(.text.SetBitMask)
    SysTick_Handler                          0x08004939   Thumb Code     4  stm32f1xx_it.o(.text.SysTick_Handler)
    SystemInit                               0x0800493d   Thumb Code     2  system_stm32f1xx.o(.text.SystemInit)
    UsageFault_Handler                       0x08004941   Thumb Code     2  stm32f1xx_it.o(.text.UsageFault_Handler)
    Used_Close_Page                          0x08004945   Thumb Code   192  main.o(.text.Used_Close_Page)
    main                                     0x08004a51   Thumb Code  1490  main.o(.text.main)
    _is_digit                                0x08005023   Thumb Code    14  __printf_wp.o(i._is_digit)
    AHBPrescTable                            0x08005041   Data          16  system_stm32f1xx.o(.rodata.AHBPrescTable)
    APBPrescTable                            0x08005051   Data           8  system_stm32f1xx.o(.rodata.APBPrescTable)
    Region$$Table$$Base                      0x080071d8   Number         0  anon$$obj.o(Region$$Table)
    Region$$Table$$Limit                     0x080071f8   Number         0  anon$$obj.o(Region$$Table)
    in_main_case                             0x20000000   Data           1  main.o(.data..L_MergedGlobals)
    list_user                                0x20000001   Data          88  main.o(.data..L_MergedGlobals)
    uwTickFreq                               0x2000005c   Data           1  stm32f1xx_hal.o(.data..L_MergedGlobals)
    uwTickPrio                               0x20000060   Data           4  stm32f1xx_hal.o(.data..L_MergedGlobals)
    Font_11x18                               0x20000064   Data           8  fonts.o(.data.Font_11x18)
    Font_16x26                               0x2000006c   Data           8  fonts.o(.data.Font_16x26)
    SystemCoreClock                          0x20000074   Data           4  system_stm32f1xx.o(.data.SystemCoreClock)
    __libspace_start                         0x20000078   Data          96  libspace.o(.bss)
    __temporary_stack_top$libspace           0x200000d8   Data           0  libspace.o(.bss)
    card                                     0x200000d8   Data           1  main.o(.bss..L_MergedGlobals.42)
    select_closet                            0x200000d9   Data           1  main.o(.bss..L_MergedGlobals.42)
    in_waiting_case                          0x200000da   Data           1  main.o(.bss..L_MergedGlobals.42)
    in_confirm_case                          0x200000db   Data           1  main.o(.bss..L_MergedGlobals.42)
    in_locker_case                           0x200000dc   Data           1  main.o(.bss..L_MergedGlobals.42)
    in_return_case                           0x200000dd   Data           1  main.o(.bss..L_MergedGlobals.42)
    select_confirm                           0x200000de   Data           1  main.o(.bss..L_MergedGlobals.42)
    select_choose                            0x200000df   Data           1  main.o(.bss..L_MergedGlobals.42)
    select_yn                                0x200000e0   Data           1  main.o(.bss..L_MergedGlobals.42)
    uid                                      0x200000e1   Data           4  main.o(.bss..L_MergedGlobals.42)
    hrtc                                     0x200000e8   Data          20  main.o(.bss..L_MergedGlobals.42)
    hspi1                                    0x200000fc   Data          88  main.o(.bss..L_MergedGlobals.42)
    hspi2                                    0x20000154   Data          88  main.o(.bss.hspi2)
    uwTick                                   0x200001ac   Data           4  stm32f1xx_hal.o(.bss.uwTick)



==============================================================================

Memory Map of the image

  Image Entry point : 0x080000ed

  Load Region LR_IROM1 (Base: 0x08000000, Size: 0x00007270, Max: 0x00010000, ABSOLUTE)

    Execution Region ER_IROM1 (Exec base: 0x08000000, Load base: 0x08000000, Size: 0x000071f8, Max: 0x00010000, ABSOLUTE)

    Exec Addr    Load Addr    Size         Type   Attr      Idx    E Section Name        Object

    0x08000000   0x08000000   0x000000ec   Data   RO            3    RESET               startup_stm32f103xb.o
    0x080000ec   0x080000ec   0x00000008   Code   RO          856  * !!!main             c_w.l(__main.o)
    0x080000f4   0x080000f4   0x0000005c   Code   RO         1032    !!!scatter          c_w.l(__scatter.o)
    0x08000150   0x08000150   0x0000001a   Code   RO         1036    !!handler_copy      c_w.l(__scatter_copy.o)
    0x0800016a   0x0800016a   0x00000002   PAD
    0x0800016c   0x0800016c   0x00000002   Code   RO         1033    !!handler_null      c_w.l(__scatter.o)
    0x0800016e   0x0800016e   0x00000002   PAD
    0x08000170   0x08000170   0x0000001c   Code   RO         1038    !!handler_zi        c_w.l(__scatter_zi.o)
    0x0800018c   0x0800018c   0x00000000   Code   RO          851    .ARM.Collect$$_printf_percent$$00000000  c_w.l(_printf_percent.o)
    0x0800018c   0x0800018c   0x00000006   Code   RO          850    .ARM.Collect$$_printf_percent$$00000009  c_w.l(_printf_d.o)
    0x08000192   0x08000192   0x00000006   Code   RO          849    .ARM.Collect$$_printf_percent$$00000014  c_w.l(_printf_s.o)
    0x08000198   0x08000198   0x00000004   Code   RO          867    .ARM.Collect$$_printf_percent$$00000017  c_w.l(_printf_percent_end.o)
    0x0800019c   0x0800019c   0x00000002   Code   RO          894    .ARM.Collect$$libinit$$00000000  c_w.l(libinit.o)
    0x0800019e   0x0800019e   0x00000000   Code   RO          901    .ARM.Collect$$libinit$$00000002  c_w.l(libinit2.o)
    0x0800019e   0x0800019e   0x00000000   Code   RO          903    .ARM.Collect$$libinit$$00000004  c_w.l(libinit2.o)
    0x0800019e   0x0800019e   0x00000000   Code   RO          905    .ARM.Collect$$libinit$$00000006  c_w.l(libinit2.o)
    0x0800019e   0x0800019e   0x00000000   Code   RO          908    .ARM.Collect$$libinit$$0000000C  c_w.l(libinit2.o)
    0x0800019e   0x0800019e   0x00000000   Code   RO          910    .ARM.Collect$$libinit$$0000000E  c_w.l(libinit2.o)
    0x0800019e   0x0800019e   0x00000000   Code   RO          912    .ARM.Collect$$libinit$$00000010  c_w.l(libinit2.o)
    0x0800019e   0x0800019e   0x00000000   Code   RO          915    .ARM.Collect$$libinit$$00000013  c_w.l(libinit2.o)
    0x0800019e   0x0800019e   0x00000000   Code   RO          917    .ARM.Collect$$libinit$$00000015  c_w.l(libinit2.o)
    0x0800019e   0x0800019e   0x00000000   Code   RO          919    .ARM.Collect$$libinit$$00000017  c_w.l(libinit2.o)
    0x0800019e   0x0800019e   0x00000000   Code   RO          921    .ARM.Collect$$libinit$$00000019  c_w.l(libinit2.o)
    0x0800019e   0x0800019e   0x00000000   Code   RO          923    .ARM.Collect$$libinit$$0000001B  c_w.l(libinit2.o)
    0x0800019e   0x0800019e   0x00000000   Code   RO          925    .ARM.Collect$$libinit$$0000001D  c_w.l(libinit2.o)
    0x0800019e   0x0800019e   0x00000000   Code   RO          927    .ARM.Collect$$libinit$$0000001F  c_w.l(libinit2.o)
    0x0800019e   0x0800019e   0x00000000   Code   RO          929    .ARM.Collect$$libinit$$00000021  c_w.l(libinit2.o)
    0x0800019e   0x0800019e   0x00000000   Code   RO          931    .ARM.Collect$$libinit$$00000023  c_w.l(libinit2.o)
    0x0800019e   0x0800019e   0x00000000   Code   RO          933    .ARM.Collect$$libinit$$00000025  c_w.l(libinit2.o)
    0x0800019e   0x0800019e   0x00000000   Code   RO          935    .ARM.Collect$$libinit$$00000027  c_w.l(libinit2.o)
    0x0800019e   0x0800019e   0x00000000   Code   RO          939    .ARM.Collect$$libinit$$0000002E  c_w.l(libinit2.o)
    0x0800019e   0x0800019e   0x00000000   Code   RO          941    .ARM.Collect$$libinit$$00000030  c_w.l(libinit2.o)
    0x0800019e   0x0800019e   0x00000000   Code   RO          943    .ARM.Collect$$libinit$$00000032  c_w.l(libinit2.o)
    0x0800019e   0x0800019e   0x00000000   Code   RO          945    .ARM.Collect$$libinit$$00000034  c_w.l(libinit2.o)
    0x0800019e   0x0800019e   0x00000002   Code   RO          946    .ARM.Collect$$libinit$$00000035  c_w.l(libinit2.o)
    0x080001a0   0x080001a0   0x00000002   Code   RO          968    .ARM.Collect$$libshutdown$$00000000  c_w.l(libshutdown.o)
    0x080001a2   0x080001a2   0x00000000   Code   RO          983    .ARM.Collect$$libshutdown$$00000002  c_w.l(libshutdown2.o)
    0x080001a2   0x080001a2   0x00000000   Code   RO          985    .ARM.Collect$$libshutdown$$00000004  c_w.l(libshutdown2.o)
    0x080001a2   0x080001a2   0x00000000   Code   RO          988    .ARM.Collect$$libshutdown$$00000007  c_w.l(libshutdown2.o)
    0x080001a2   0x080001a2   0x00000000   Code   RO          991    .ARM.Collect$$libshutdown$$0000000A  c_w.l(libshutdown2.o)
    0x080001a2   0x080001a2   0x00000000   Code   RO          993    .ARM.Collect$$libshutdown$$0000000C  c_w.l(libshutdown2.o)
    0x080001a2   0x080001a2   0x00000000   Code   RO          996    .ARM.Collect$$libshutdown$$0000000F  c_w.l(libshutdown2.o)
    0x080001a2   0x080001a2   0x00000002   Code   RO          997    .ARM.Collect$$libshutdown$$00000010  c_w.l(libshutdown2.o)
    0x080001a4   0x080001a4   0x00000000   Code   RO          858    .ARM.Collect$$rtentry$$00000000  c_w.l(__rtentry.o)
    0x080001a4   0x080001a4   0x00000000   Code   RO          869    .ARM.Collect$$rtentry$$00000002  c_w.l(__rtentry2.o)
    0x080001a4   0x080001a4   0x00000006   Code   RO          881    .ARM.Collect$$rtentry$$00000004  c_w.l(__rtentry4.o)
    0x080001aa   0x080001aa   0x00000000   Code   RO          871    .ARM.Collect$$rtentry$$00000009  c_w.l(__rtentry2.o)
    0x080001aa   0x080001aa   0x00000004   Code   RO          872    .ARM.Collect$$rtentry$$0000000A  c_w.l(__rtentry2.o)
    0x080001ae   0x080001ae   0x00000000   Code   RO          874    .ARM.Collect$$rtentry$$0000000C  c_w.l(__rtentry2.o)
    0x080001ae   0x080001ae   0x00000008   Code   RO          875    .ARM.Collect$$rtentry$$0000000D  c_w.l(__rtentry2.o)
    0x080001b6   0x080001b6   0x00000002   Code   RO          898    .ARM.Collect$$rtexit$$00000000  c_w.l(rtexit.o)
    0x080001b8   0x080001b8   0x00000000   Code   RO          948    .ARM.Collect$$rtexit$$00000002  c_w.l(rtexit2.o)
    0x080001b8   0x080001b8   0x00000004   Code   RO          949    .ARM.Collect$$rtexit$$00000003  c_w.l(rtexit2.o)
    0x080001bc   0x080001bc   0x00000006   Code   RO          950    .ARM.Collect$$rtexit$$00000004  c_w.l(rtexit2.o)
    0x080001c2   0x080001c2   0x00000002   PAD
    0x080001c4   0x080001c4   0x00000040   Code   RO            4    .text               startup_stm32f103xb.o
    0x08000204   0x08000204   0x00000028   Code   RO          819    .text               c_w.l(noretval__2sprintf.o)
    0x0800022c   0x0800022c   0x0000004e   Code   RO          823    .text               c_w.l(_printf_pad.o)
    0x0800027a   0x0800027a   0x00000052   Code   RO          825    .text               c_w.l(_printf_str.o)
    0x080002cc   0x080002cc   0x00000078   Code   RO          827    .text               c_w.l(_printf_dec.o)
    0x08000344   0x08000344   0x00000138   Code   RO          841    .text               c_w.l(__printf_flags_wp.o)
    0x0800047c   0x0800047c   0x00000048   Code   RO          852    .text               c_w.l(strcpy.o)
    0x080004c4   0x080004c4   0x00000006   Code   RO          854    .text               c_w.l(heapauxi.o)
    0x080004ca   0x080004ca   0x000000b2   Code   RO          859    .text               c_w.l(_printf_intcommon.o)
    0x0800057c   0x0800057c   0x00000030   Code   RO          861    .text               c_w.l(_printf_char_common.o)
    0x080005ac   0x080005ac   0x0000000a   Code   RO          863    .text               c_w.l(_sputc.o)
    0x080005b6   0x080005b6   0x0000002c   Code   RO          865    .text               c_w.l(_printf_char.o)
    0x080005e2   0x080005e2   0x0000004a   Code   RO          885    .text               c_w.l(sys_stackheap_outer.o)
    0x0800062c   0x0800062c   0x00000012   Code   RO          887    .text               c_w.l(exit.o)
    0x0800063e   0x0800063e   0x00000002   PAD
    0x08000640   0x08000640   0x00000008   Code   RO          895    .text               c_w.l(libspace.o)
    0x08000648   0x08000648   0x0000000c   Code   RO          958    .text               c_w.l(sys_exit.o)
    0x08000654   0x08000654   0x00000002   Code   RO          973    .text               c_w.l(use_no_semi.o)
    0x08000656   0x08000656   0x00000000   Code   RO          975    .text               c_w.l(indicate_semi.o)
    0x08000656   0x08000656   0x00000002   PAD
    0x08000658   0x08000658   0x00000002   Code   RO          221    .text.BusFault_Handler  stm32f1xx_it.o
    0x0800065a   0x0800065a   0x00000002   PAD
    0x0800065c   0x0800065c   0x000000be   Code   RO           31    .text.ClearBitMask  rc522.o
    0x0800071a   0x0800071a   0x00000002   PAD
    0x0800071c   0x0800071c   0x0000011c   Code   RO          140    .text.Closet_Confirm  main.o
    0x08000838   0x08000838   0x000000e8   Code   RO          192    .text.Confirm_Locker  main.o
    0x08000920   0x08000920   0x00000090   Code   RO          172    .text.Confirm_Yes_No_Return  main.o
    0x080009b0   0x080009b0   0x00000002   Code   RO          227    .text.DebugMon_Handler  stm32f1xx_it.o
    0x080009b2   0x080009b2   0x00000002   PAD
    0x080009b4   0x080009b4   0x0000019c   Code   RO          128    .text.Deselect_Closet  main.o
    0x08000b50   0x08000b50   0x00000028   Code   RO          374    .text.HAL_Delay     stm32f1xx_hal.o
    0x08000b78   0x08000b78   0x0000020e   Code   RO          466    .text.HAL_GPIO_Init  stm32f1xx_hal_gpio.o
    0x08000d86   0x08000d86   0x00000002   PAD
    0x08000d88   0x08000d88   0x0000000a   Code   RO          470    .text.HAL_GPIO_ReadPin  stm32f1xx_hal_gpio.o
    0x08000d92   0x08000d92   0x00000002   PAD
    0x08000d94   0x08000d94   0x0000000a   Code   RO          472    .text.HAL_GPIO_WritePin  stm32f1xx_hal_gpio.o
    0x08000d9e   0x08000d9e   0x00000002   PAD
    0x08000da0   0x08000da0   0x0000000c   Code   RO          366    .text.HAL_GetTick   stm32f1xx_hal.o
    0x08000dac   0x08000dac   0x0000001a   Code   RO          364    .text.HAL_IncTick   stm32f1xx_hal.o
    0x08000dc6   0x08000dc6   0x00000002   PAD
    0x08000dc8   0x08000dc8   0x00000026   Code   RO          354    .text.HAL_Init      stm32f1xx_hal.o
    0x08000dee   0x08000dee   0x00000002   PAD
    0x08000df0   0x08000df0   0x00000048   Code   RO          356    .text.HAL_InitTick  stm32f1xx_hal.o
    0x08000e38   0x08000e38   0x00000042   Code   RO          240    .text.HAL_MspInit   stm32f1xx_hal_msp.o
    0x08000e7a   0x08000e7a   0x00000002   PAD
    0x08000e7c   0x08000e7c   0x00000056   Code   RO          524    .text.HAL_NVIC_SetPriority  stm32f1xx_hal_cortex.o
    0x08000ed2   0x08000ed2   0x00000002   PAD
    0x08000ed4   0x08000ed4   0x00000020   Code   RO          522    .text.HAL_NVIC_SetPriorityGrouping  stm32f1xx_hal_cortex.o
    0x08000ef4   0x08000ef4   0x0000000c   Code   RO          564    .text.HAL_PWR_EnableBkUpAccess  stm32f1xx_hal_pwr.o
    0x08000f00   0x08000f00   0x000000f8   Code   RO          456    .text.HAL_RCCEx_GetPeriphCLKFreq  stm32f1xx_hal_rcc_ex.o
    0x08000ff8   0x08000ff8   0x00000102   Code   RO          452    .text.HAL_RCCEx_PeriphCLKConfig  stm32f1xx_hal_rcc_ex.o
    0x080010fa   0x080010fa   0x00000002   PAD
    0x080010fc   0x080010fc   0x000001ba   Code   RO          418    .text.HAL_RCC_ClockConfig  stm32f1xx_hal_rcc.o
    0x080012b6   0x080012b6   0x00000002   PAD
    0x080012b8   0x080012b8   0x00000026   Code   RO          432    .text.HAL_RCC_GetPCLK2Freq  stm32f1xx_hal_rcc.o
    0x080012de   0x080012de   0x00000002   PAD
    0x080012e0   0x080012e0   0x00000400   Code   RO          416    .text.HAL_RCC_OscConfig  stm32f1xx_hal_rcc.o
    0x080016e0   0x080016e0   0x000000ca   Code   RO          292    .text.HAL_RTC_GetDate  stm32f1xx_hal_rtc.o
    0x080017aa   0x080017aa   0x00000002   PAD
    0x080017ac   0x080017ac   0x0000023a   Code   RO          286    .text.HAL_RTC_GetTime  stm32f1xx_hal_rtc.o
    0x080019e6   0x080019e6   0x00000002   PAD
    0x080019e8   0x080019e8   0x000000f0   Code   RO          272    .text.HAL_RTC_Init  stm32f1xx_hal_rtc.o
    0x08001ad8   0x08001ad8   0x00000046   Code   RO          242    .text.HAL_RTC_MspInit  stm32f1xx_hal_msp.o
    0x08001b1e   0x08001b1e   0x00000002   PAD
    0x08001b20   0x08001b20   0x00000126   Code   RO          294    .text.HAL_RTC_SetAlarm  stm32f1xx_hal_rtc.o
    0x08001c46   0x08001c46   0x00000002   PAD
    0x08001c48   0x08001c48   0x000001f8   Code   RO          290    .text.HAL_RTC_SetDate  stm32f1xx_hal_rtc.o
    0x08001e40   0x08001e40   0x00000154   Code   RO          282    .text.HAL_RTC_SetTime  stm32f1xx_hal_rtc.o
    0x08001f94   0x08001f94   0x000000a8   Code   RO          687    .text.HAL_SPI_Init  stm32f1xx_hal_spi.o
    0x0800203c   0x0800203c   0x000000cc   Code   RO          246    .text.HAL_SPI_MspInit  stm32f1xx_hal_msp.o
    0x08002108   0x08002108   0x000001fa   Code   RO          695    .text.HAL_SPI_Transmit  stm32f1xx_hal_spi.o
    0x08002302   0x08002302   0x00000002   PAD
    0x08002304   0x08002304   0x000002d2   Code   RO          699    .text.HAL_SPI_TransmitReceive  stm32f1xx_hal_spi.o
    0x080025d6   0x080025d6   0x00000002   PAD
    0x080025d8   0x080025d8   0x0000002c   Code   RO          534    .text.HAL_SYSTICK_Config  stm32f1xx_hal_cortex.o
    0x08002604   0x08002604   0x00000002   Code   RO          217    .text.HardFault_Handler  stm32f1xx_it.o
    0x08002606   0x08002606   0x00000002   PAD
    0x08002608   0x08002608   0x0000009e   Code   RO           45    .text.MFRC522_Anticoll  rc522.o
    0x080026a6   0x080026a6   0x00000002   PAD
    0x080026a8   0x080026a8   0x00000278   Code   RO           39    .text.MFRC522_Init  rc522.o
    0x08002920   0x08002920   0x0000008c   Code   RO           43    .text.MFRC522_Request  rc522.o
    0x080029ac   0x080029ac   0x000003d0   Code   RO           41    .text.MFRC522_ToCard  rc522.o
    0x08002d7c   0x08002d7c   0x00000218   Code   RO          138    .text.Main_Menu_Page  main.o
    0x08002f94   0x08002f94   0x00000002   Code   RO          219    .text.MemManage_Handler  stm32f1xx_it.o
    0x08002f96   0x08002f96   0x00000002   PAD
    0x08002f98   0x08002f98   0x00000170   Code   RO          158    .text.Move_Open_Or_Return  main.o
    0x08003108   0x08003108   0x00000164   Code   RO          146    .text.Move_Yes_Or_No  main.o
    0x0800326c   0x0800326c   0x00000164   Code   RO          168    .text.Move_Yes_Or_No_Return  main.o
    0x080033d0   0x080033d0   0x00000002   Code   RO          215    .text.NMI_Handler   stm32f1xx_it.o
    0x080033d2   0x080033d2   0x00000002   PAD
    0x080033d4   0x080033d4   0x0000019c   Code   RO          148    .text.Opening_Closet_Page  main.o
    0x08003570   0x08003570   0x00000002   Code   RO          229    .text.PendSV_Handler  stm32f1xx_it.o
    0x08003572   0x08003572   0x00000002   PAD
    0x08003574   0x08003574   0x000002d8   Code   RO          288    .text.RTC_DateUpdate  stm32f1xx_hal_rtc.o
    0x0800384c   0x0800384c   0x00000060   Code   RO          284    .text.RTC_WriteAlarmCounter  stm32f1xx_hal_rtc.o
    0x080038ac   0x080038ac   0x00000108   Code   RO          152    .text.Return_Locker  main.o
    0x080039b4   0x080039b4   0x000000bc   Code   RO          170    .text.Return_Locker_Done  main.o
    0x08003a70   0x08003a70   0x00000120   Code   RO          791    .text.SPI_WaitFlagStateUntilTimeout  stm32f1xx_hal_spi.o
    0x08003b90   0x08003b90   0x000000c0   Code   RO           81    .text.ST7789_DrawLine  st7789.o
    0x08003c50   0x08003c50   0x00000078   Code   RO           75    .text.ST7789_DrawPixel  st7789.o
    0x08003cc8   0x08003cc8   0x0000009a   Code   RO           71    .text.ST7789_Fill_Color  st7789.o
    0x08003d62   0x08003d62   0x00000002   PAD
    0x08003d64   0x08003d64   0x000006a6   Code   RO           69    .text.ST7789_Init   st7789.o
    0x0800440a   0x0800440a   0x00000002   PAD
    0x0800440c   0x0800440c   0x00000166   Code   RO           73    .text.ST7789_SetAddressWindow  st7789.o
    0x08004572   0x08004572   0x00000002   PAD
    0x08004574   0x08004574   0x00000108   Code   RO           91    .text.ST7789_WriteChar  st7789.o
    0x0800467c   0x0800467c   0x00000092   Code   RO           93    .text.ST7789_WriteString  st7789.o
    0x0800470e   0x0800470e   0x00000002   PAD
    0x08004710   0x08004710   0x00000002   Code   RO          225    .text.SVC_Handler   stm32f1xx_it.o
    0x08004712   0x08004712   0x00000002   PAD
    0x08004714   0x08004714   0x00000162   Code   RO          126    .text.Select_Closet  main.o
    0x08004876   0x08004876   0x00000002   PAD
    0x08004878   0x08004878   0x000000be   Code   RO           29    .text.SetBitMask    rc522.o
    0x08004936   0x08004936   0x00000002   PAD
    0x08004938   0x08004938   0x00000004   Code   RO          231    .text.SysTick_Handler  stm32f1xx_it.o
    0x0800493c   0x0800493c   0x00000002   Code   RO          801    .text.SystemInit    system_stm32f1xx.o
    0x0800493e   0x0800493e   0x00000002   PAD
    0x08004940   0x08004940   0x00000002   Code   RO          223    .text.UsageFault_Handler  stm32f1xx_it.o
    0x08004942   0x08004942   0x00000002   PAD
    0x08004944   0x08004944   0x0000010c   Code   RO          178    .text.Used_Close_Page  main.o
    0x08004a50   0x08004a50   0x000005d2   Code   RO          196    .text.main          main.o
    0x08005022   0x08005022   0x0000000e   Code   RO          839    i._is_digit         c_w.l(__printf_wp.o)
    0x08005030   0x08005030   0x00000011   Data   RO          842    .constdata          c_w.l(__printf_flags_wp.o)
    0x08005041   0x08005041   0x00000010   Data   RO          806    .rodata.AHBPrescTable  system_stm32f1xx.o
    0x08005051   0x08005051   0x00000008   Data   RO          807    .rodata.APBPrescTable  system_stm32f1xx.o
    0x08005059   0x08005059   0x00000001   PAD
    0x0800505a   0x0800505a   0x00000d5c   Data   RO           16    .rodata.Font11x18   fonts.o
    0x08005db6   0x08005db6   0x0000134c   Data   RO           17    .rodata.Font16x26   fonts.o
    0x08007102   0x08007102   0x00000002   Data   RO          443    .rodata.HAL_RCC_GetSysClockFreq.aPredivFactorTable  stm32f1xx_hal_rcc.o
    0x08007104   0x08007104   0x00000010   Data   RO          442    .rodata.cst16       stm32f1xx_hal_rcc.o
    0x08007114   0x08007114   0x000000c2   Data   RO          202    .rodata.str1.1      main.o
    0x080071d6   0x080071d6   0x00000002   PAD
    0x080071d8   0x080071d8   0x00000020   Data   RO         1031    Region$$Table       anon$$obj.o


    Execution Region RW_IRAM1 (Exec base: 0x20000000, Load base: 0x080071f8, Size: 0x000007b0, Max: 0x00005000, ABSOLUTE)

    Exec Addr    Load Addr    Size         Type   Attr      Idx    E Section Name        Object

    0x20000000   0x080071f8   0x00000059   Data   RW          205    .data..L_MergedGlobals  main.o
    0x20000059   0x08007251   0x00000003   PAD
    0x2000005c   0x08007254   0x00000008   Data   RW          405    .data..L_MergedGlobals  stm32f1xx_hal.o
    0x20000064   0x0800725c   0x00000008   Data   RW           14    .data.Font_11x18    fonts.o
    0x2000006c   0x08007264   0x00000008   Data   RW           15    .data.Font_16x26    fonts.o
    0x20000074   0x0800726c   0x00000004   Data   RW          805    .data.SystemCoreClock  system_stm32f1xx.o
    0x20000078        -       0x00000060   Zero   RW          896    .bss                c_w.l(libspace.o)
    0x200000d8        -       0x0000007c   Zero   RW          206    .bss..L_MergedGlobals.42  main.o
    0x20000154        -       0x00000058   Zero   RW          203    .bss.hspi2          main.o
    0x200001ac        -       0x00000004   Zero   RW          404    .bss.uwTick         stm32f1xx_hal.o
    0x200001b0        -       0x00000200   Zero   RW            2    HEAP                startup_stm32f103xb.o
    0x200003b0        -       0x00000400   Zero   RW            1    STACK               startup_stm32f103xb.o


==============================================================================

Image component sizes


      Code (inc. data)   RO Data    RW Data    ZI Data      Debug   Object Name

         0          0       8360         16          0        924   fonts.o
      5664        320        194         89        212      20626   main.o
      2286          0          0          0          0      13553   rc522.o
      2936          0          0          0          0      30152   st7789.o
        64         26        236          0       1536        800   startup_stm32f103xb.o
       188          0          0          8          4       5787   stm32f1xx_hal.o
       162          0          0          0          0       8442   stm32f1xx_hal_cortex.o
       546         22          0          0          0       4784   stm32f1xx_hal_gpio.o
       340          0          0          0          0       5844   stm32f1xx_hal_msp.o
        12          0          0          0          0       4244   stm32f1xx_hal_pwr.o
      1504          0         18          0          0       8095   stm32f1xx_hal_rcc.o
       506         20          0          0          0       3699   stm32f1xx_hal_rcc_ex.o
      2974          0          0          0          0      20148   stm32f1xx_hal_rtc.o
      1684          0          0          0          0      23582   stm32f1xx_hal_spi.o
        20          0          0          0          0       1160   stm32f1xx_it.o
         2          0         24          4          0       1606   system_stm32f1xx.o

    ----------------------------------------------------------------------
     18954        388       8867        120       1752     153446   Object Totals
         0          0         32          0          0          0   (incl. Generated)
        66          0          3          3          0          0   (incl. Padding)

    ----------------------------------------------------------------------

      Code (inc. data)   RO Data    RW Data    ZI Data      Debug   Library Member Name

         8          0          0          0          0         68   __main.o
       312          4         17          0          0         92   __printf_flags_wp.o
        14          0          0          0          0         68   __printf_wp.o
         0          0          0          0          0          0   __rtentry.o
        12          0          0          0          0          0   __rtentry2.o
         6          0          0          0          0          0   __rtentry4.o
        94          8          0          0          0          0   __scatter.o
        26          0          0          0          0          0   __scatter_copy.o
        28          0          0          0          0          0   __scatter_zi.o
        44          0          0          0          0        108   _printf_char.o
        48          6          0          0          0         96   _printf_char_common.o
         6          0          0          0          0          0   _printf_d.o
       120         16          0          0          0         92   _printf_dec.o
       178          0          0          0          0         88   _printf_intcommon.o
        78          0          0          0          0        108   _printf_pad.o
         0          0          0          0          0          0   _printf_percent.o
         4          0          0          0          0          0   _printf_percent_end.o
         6          0          0          0          0          0   _printf_s.o
        82          0          0          0          0         80   _printf_str.o
        10          0          0          0          0         68   _sputc.o
        18          0          0          0          0         80   exit.o
         6          0          0          0          0        152   heapauxi.o
         0          0          0          0          0          0   indicate_semi.o
         2          0          0          0          0          0   libinit.o
         2          0          0          0          0          0   libinit2.o
         2          0          0          0          0          0   libshutdown.o
         2          0          0          0          0          0   libshutdown2.o
         8          4          0          0         96         68   libspace.o
        40          6          0          0          0         84   noretval__2sprintf.o
         2          0          0          0          0          0   rtexit.o
        10          0          0          0          0          0   rtexit2.o
        72          0          0          0          0         80   strcpy.o
        12          4          0          0          0         68   sys_exit.o
        74          0          0          0          0         80   sys_stackheap_outer.o
         2          0          0          0          0         68   use_no_semi.o

    ----------------------------------------------------------------------
      1338         48         17          0         96       1548   Library Totals
        10          0          0          0          0          0   (incl. Padding)

    ----------------------------------------------------------------------

      Code (inc. data)   RO Data    RW Data    ZI Data      Debug   Library Name

      1328         48         17          0         96       1548   c_w.l

    ----------------------------------------------------------------------
      1338         48         17          0         96       1548   Library Totals

    ----------------------------------------------------------------------

==============================================================================


      Code (inc. data)   RO Data    RW Data    ZI Data      Debug   

     20292        436       8884        120       1848     154122   Grand Totals
     20292        436       8884        120       1848     154122   ELF Image Totals
     20292        436       8884        120          0          0   ROM Totals

==============================================================================

    Total RO  Size (Code + RO Data)                29176 (  28.49kB)
    Total RW  Size (RW Data + ZI Data)              1968 (   1.92kB)
    Total ROM Size (Code + RO Data + RW Data)      29296 (  28.61kB)

==============================================================================

